Archive member included to satisfy reference by file (symbol)

D:/ToolChain/arm-gnu-toolchain-14.2.rel1-mingw-w64-i686-arm-none-eabi/bin/../lib/gcc/arm-none-eabi/14.2.1/thumb/v7e-m+fp/hard\libc_nano.a(libc_a-exit.o)
                              D:/ToolChain/arm-gnu-toolchain-14.2.rel1-mingw-w64-i686-arm-none-eabi/bin/../lib/gcc/arm-none-eabi/14.2.1/thumb/v7e-m+fp/hard/crt0.o (exit)
D:/ToolChain/arm-gnu-toolchain-14.2.rel1-mingw-w64-i686-arm-none-eabi/bin/../lib/gcc/arm-none-eabi/14.2.1/thumb/v7e-m+fp/hard\libc_nano.a(libc_a-nano-vfprintf_float.o)
                              (_printf_float)
D:/ToolChain/arm-gnu-toolchain-14.2.rel1-mingw-w64-i686-arm-none-eabi/bin/../lib/gcc/arm-none-eabi/14.2.1/thumb/v7e-m+fp/hard\libc_nano.a(libc_a-nano-vfprintf_i.o)
                              D:/ToolChain/arm-gnu-toolchain-14.2.rel1-mingw-w64-i686-arm-none-eabi/bin/../lib/gcc/arm-none-eabi/14.2.1/thumb/v7e-m+fp/hard\libc_nano.a(libc_a-nano-vfprintf_float.o) (_printf_common)
D:/ToolChain/arm-gnu-toolchain-14.2.rel1-mingw-w64-i686-arm-none-eabi/bin/../lib/gcc/arm-none-eabi/14.2.1/thumb/v7e-m+fp/hard\libc_nano.a(libc_a-findfp.o)
                              D:/ToolChain/arm-gnu-toolchain-14.2.rel1-mingw-w64-i686-arm-none-eabi/bin/../lib/gcc/arm-none-eabi/14.2.1/thumb/v7e-m+fp/hard\libc_nano.a(libc_a-exit.o) (__stdio_exit_handler)
D:/ToolChain/arm-gnu-toolchain-14.2.rel1-mingw-w64-i686-arm-none-eabi/bin/../lib/gcc/arm-none-eabi/14.2.1/thumb/v7e-m+fp/hard\libc_nano.a(libc_a-fwalk.o)
                              D:/ToolChain/arm-gnu-toolchain-14.2.rel1-mingw-w64-i686-arm-none-eabi/bin/../lib/gcc/arm-none-eabi/14.2.1/thumb/v7e-m+fp/hard\libc_nano.a(libc_a-findfp.o) (_fwalk_sglue)
D:/ToolChain/arm-gnu-toolchain-14.2.rel1-mingw-w64-i686-arm-none-eabi/bin/../lib/gcc/arm-none-eabi/14.2.1/thumb/v7e-m+fp/hard\libc_nano.a(libc_a-stdio.o)
                              D:/ToolChain/arm-gnu-toolchain-14.2.rel1-mingw-w64-i686-arm-none-eabi/bin/../lib/gcc/arm-none-eabi/14.2.1/thumb/v7e-m+fp/hard\libc_nano.a(libc_a-findfp.o) (__sread)
D:/ToolChain/arm-gnu-toolchain-14.2.rel1-mingw-w64-i686-arm-none-eabi/bin/../lib/gcc/arm-none-eabi/14.2.1/thumb/v7e-m+fp/hard\libc_nano.a(libc_a-memset.o)
                              D:/ToolChain/arm-gnu-toolchain-14.2.rel1-mingw-w64-i686-arm-none-eabi/bin/../lib/gcc/arm-none-eabi/14.2.1/thumb/v7e-m+fp/hard/crt0.o (memset)
D:/ToolChain/arm-gnu-toolchain-14.2.rel1-mingw-w64-i686-arm-none-eabi/bin/../lib/gcc/arm-none-eabi/14.2.1/thumb/v7e-m+fp/hard\libc_nano.a(libc_a-localeconv.o)
                              D:/ToolChain/arm-gnu-toolchain-14.2.rel1-mingw-w64-i686-arm-none-eabi/bin/../lib/gcc/arm-none-eabi/14.2.1/thumb/v7e-m+fp/hard\libc_nano.a(libc_a-nano-vfprintf_float.o) (_localeconv_r)
D:/ToolChain/arm-gnu-toolchain-14.2.rel1-mingw-w64-i686-arm-none-eabi/bin/../lib/gcc/arm-none-eabi/14.2.1/thumb/v7e-m+fp/hard\libc_nano.a(libc_a-closer.o)
                              D:/ToolChain/arm-gnu-toolchain-14.2.rel1-mingw-w64-i686-arm-none-eabi/bin/../lib/gcc/arm-none-eabi/14.2.1/thumb/v7e-m+fp/hard\libc_nano.a(libc_a-stdio.o) (_close_r)
D:/ToolChain/arm-gnu-toolchain-14.2.rel1-mingw-w64-i686-arm-none-eabi/bin/../lib/gcc/arm-none-eabi/14.2.1/thumb/v7e-m+fp/hard\libc_nano.a(libc_a-reent.o)
                              D:/ToolChain/arm-gnu-toolchain-14.2.rel1-mingw-w64-i686-arm-none-eabi/bin/../lib/gcc/arm-none-eabi/14.2.1/thumb/v7e-m+fp/hard\libc_nano.a(libc_a-closer.o) (errno)
D:/ToolChain/arm-gnu-toolchain-14.2.rel1-mingw-w64-i686-arm-none-eabi/bin/../lib/gcc/arm-none-eabi/14.2.1/thumb/v7e-m+fp/hard\libc_nano.a(libc_a-impure.o)
                              D:/ToolChain/arm-gnu-toolchain-14.2.rel1-mingw-w64-i686-arm-none-eabi/bin/../lib/gcc/arm-none-eabi/14.2.1/thumb/v7e-m+fp/hard\libc_nano.a(libc_a-reent.o) (_impure_ptr)
D:/ToolChain/arm-gnu-toolchain-14.2.rel1-mingw-w64-i686-arm-none-eabi/bin/../lib/gcc/arm-none-eabi/14.2.1/thumb/v7e-m+fp/hard\libc_nano.a(libc_a-lseekr.o)
                              D:/ToolChain/arm-gnu-toolchain-14.2.rel1-mingw-w64-i686-arm-none-eabi/bin/../lib/gcc/arm-none-eabi/14.2.1/thumb/v7e-m+fp/hard\libc_nano.a(libc_a-stdio.o) (_lseek_r)
D:/ToolChain/arm-gnu-toolchain-14.2.rel1-mingw-w64-i686-arm-none-eabi/bin/../lib/gcc/arm-none-eabi/14.2.1/thumb/v7e-m+fp/hard\libc_nano.a(libc_a-readr.o)
                              D:/ToolChain/arm-gnu-toolchain-14.2.rel1-mingw-w64-i686-arm-none-eabi/bin/../lib/gcc/arm-none-eabi/14.2.1/thumb/v7e-m+fp/hard\libc_nano.a(libc_a-stdio.o) (_read_r)
D:/ToolChain/arm-gnu-toolchain-14.2.rel1-mingw-w64-i686-arm-none-eabi/bin/../lib/gcc/arm-none-eabi/14.2.1/thumb/v7e-m+fp/hard\libc_nano.a(libc_a-writer.o)
                              D:/ToolChain/arm-gnu-toolchain-14.2.rel1-mingw-w64-i686-arm-none-eabi/bin/../lib/gcc/arm-none-eabi/14.2.1/thumb/v7e-m+fp/hard\libc_nano.a(libc_a-stdio.o) (_write_r)
D:/ToolChain/arm-gnu-toolchain-14.2.rel1-mingw-w64-i686-arm-none-eabi/bin/../lib/gcc/arm-none-eabi/14.2.1/thumb/v7e-m+fp/hard\libc_nano.a(libc_a-init.o)
[...]
Memory Configuration

Name             Origin             Length             Attributes
RAM              0x20000000         0x00020000         xrw
CCMRAM           0x10000000         0x00010000         xrw
FLASH            0x08000000         0x00100000         xr
*default*        0x00000000         0xffffffff

Linker script and memory map

LOAD D:/ToolChain/arm-gnu-toolchain-14.2.rel1-mingw-w64-i686-arm-none-eabi/bin/../lib/gcc/arm-none-eabi/14.2.1/thumb/v7e-m+fp/hard/crti.o
LOAD D:/ToolChain/arm-gnu-toolchain-14.2.rel1-mingw-w64-i686-arm-none-eabi/bin/../lib/gcc/arm-none-eabi/14.2.1/thumb/v7e-m+fp/hard/crtbegin.o
LOAD D:/ToolChain/arm-gnu-toolchain-14.2.rel1-mingw-w64-i686-arm-none-eabi/bin/../lib/gcc/arm-none-eabi/14.2.1/thumb/v7e-m+fp/hard/crt0.o
START GROUP
LOAD D:/ToolChain/arm-gnu-toolchain-14.2.rel1-mingw-w64-i686-arm-none-eabi/bin/../lib/gcc/arm-none-eabi/14.2.1/thumb/v7e-m+fp/hard\libc_nano.a
LOAD D:/ToolChain/arm-gnu-toolchain-14.2.rel1-mingw-w64-i686-arm-none-eabi/bin/../lib/gcc/arm-none-eabi/14.2.1/thumb/v7e-m+fp/hard\libm.a
END GROUP
LOAD D:/ToolChain/arm-gnu-toolchain-14.2.rel1-mingw-w64-i686-arm-none-eabi/bin/../lib/gcc/arm-none-eabi/14.2.1/thumb/v7e-m+fp/hard\libm.a
LOAD CMakeFiles/Weak_Signal.dir/BSP/Src/amp.c.obj
LOAD CMakeFiles/Weak_Signal.dir/BSP/Src/retarget_uart.c.obj
LOAD CMakeFiles/Weak_Signal.dir/BSP/Src/ads1256.c.obj
LOAD CMakeFiles/Weak_Signal.dir/BSP/Src/delay.c.obj
LOAD CMakeFiles/Weak_Signal.dir/BSP/Src/beep.c.obj
LOAD CMakeFiles/Weak_Signal.dir/BSP/Src/atk_md0350.c.obj
LOAD CMakeFiles/Weak_Signal.dir/BSP/Src/my_timer.c.obj
LOAD CMakeFiles/Weak_Signal.dir/BSP/Src/pannelkey.c.obj
LOAD CMakeFiles/Weak_Signal.dir/Core/Src/main.c.obj
LOAD CMakeFiles/Weak_Signal.dir/Core/Src/gpio.c.obj
LOAD CMakeFiles/Weak_Signal.dir/Core/Src/fsmc.c.obj
LOAD CMakeFiles/Weak_Signal.dir/Core/Src/spi.c.obj
LOAD CMakeFiles/Weak_Signal.dir/Core/Src/tim.c.obj
LOAD CMakeFiles/Weak_Signal.dir/Core/Src/usart.c.obj
LOAD CMakeFiles/Weak_Signal.dir/Core/Src/stm32f4xx_it.c.obj
LOAD CMakeFiles/Weak_Signal.dir/Core/Src/stm32f4xx_hal_msp.c.obj
LOAD CMakeFiles/Weak_Signal.dir/Drivers/STM32F4xx_HAL_Driver/Src/stm32f4xx_ll_fsmc.c.obj
LOAD CMakeFiles/Weak_Signal.dir/Drivers/STM32F4xx_HAL_Driver/Src/stm32f4xx_hal_rcc.c.obj
LOAD CMakeFiles/Weak_Signal.dir/Drivers/STM32F4xx_HAL_Driver/Src/stm32f4xx_hal_rcc_ex.c.obj
LOAD CMakeFiles/Weak_Signal.dir/Drivers/STM32F4xx_HAL_Driver/Src/stm32f4xx_hal_flash.c.obj
LOAD CMakeFiles/Weak_Signal.dir/Drivers/STM32F4xx_HAL_Driver/Src/stm32f4xx_hal_flash_ex.c.obj
LOAD CMakeFiles/Weak_Signal.dir/Drivers/STM32F4xx_HAL_Driver/Src/stm32f4xx_hal_flash_ramfunc.c.obj
LOAD CMakeFiles/Weak_Signal.dir/Drivers/STM32F4xx_HAL_Driver/Src/stm32f4xx_hal_gpio.c.obj
LOAD CMakeFiles/Weak_Signal.dir/Drivers/STM32F4xx_HAL_Driver/Src/stm32f4xx_hal_dma_ex.c.obj
LOAD CMakeFiles/Weak_Signal.dir/Drivers/STM32F4xx_HAL_Driver/Src/stm32f4xx_hal_dma.c.obj
LOAD CMakeFiles/Weak_Signal.dir/Drivers/STM32F4xx_HAL_Driver/Src/stm32f4xx_hal_pwr.c.obj
LOAD CMakeFiles/Weak_Signal.dir/Drivers/STM32F4xx_HAL_Driver/Src/stm32f4xx_hal_pwr_ex.c.obj
LOAD CMakeFiles/Weak_Signal.dir/Drivers/STM32F4xx_HAL_Driver/Src/stm32f4xx_hal_cortex.c.obj
LOAD CMakeFiles/Weak_Signal.dir/Drivers/STM32F4xx_HAL_Driver/Src/stm32f4xx_hal.c.obj
LOAD CMakeFiles/Weak_Signal.dir/Drivers/STM32F4xx_HAL_Driver/Src/stm32f4xx_hal_exti.c.obj
LOAD CMakeFiles/Weak_Signal.dir/Drivers/STM32F4xx_HAL_Driver/Src/stm32f4xx_hal_sram.c.obj
LOAD CMakeFiles/Weak_Signal.dir/Drivers/STM32F4xx_HAL_Driver/Src/stm32f4xx_hal_spi.c.obj
LOAD CMakeFiles/Weak_Signal.dir/Drivers/STM32F4xx_HAL_Driver/Src/stm32f4xx_hal_tim.c.obj
LOAD CMakeFiles/Weak_Signal.dir/Drivers/STM32F4xx_HAL_Driver/Src/stm32f4xx_hal_tim_ex.c.obj
LOAD CMakeFiles/Weak_Signal.dir/Drivers/STM32F4xx_HAL_Driver/Src/stm32f4xx_hal_uart.c.obj
LOAD CMakeFiles/Weak_Signal.dir/Core/Src/system_stm32f4xx.c.obj
LOAD CMakeFiles/Weak_Signal.dir/Core/Src/sysmem.c.obj
LOAD CMakeFiles/Weak_Signal.dir/Core/Src/syscalls.c.obj
LOAD CMakeFiles/Weak_Signal.dir/startup_stm32f407xx.s.obj
START GROUP
LOAD D:/ToolChain/arm-gnu-toolchain-14.2.rel1-mingw-w64-i686-arm-none-eabi/bin/../lib/gcc/arm-none-eabi/14.2.1/thumb/v7e-m+fp/hard\libgcc.a
LOAD D:/ToolChain/arm-gnu-toolchain-14.2.rel1-mingw-w64-i686-arm-none-eabi/bin/../lib/gcc/arm-none-eabi/14.2.1/thumb/v7e-m+fp/hard\libg_nano.a
LOAD D:/ToolChain/arm-gnu-toolchain-14.2.rel1-mingw-w64-i686-arm-none-eabi/bin/../lib/gcc/arm-none-eabi/14.2.1/thumb/v7e-m+fp/hard\libc_nano.a
END GROUP
START GROUP
LOAD D:/ToolChain/arm-gnu-toolchain-14.2.rel1-mingw-w64-i686-arm-none-eabi/bin/../lib/gcc/arm-none-eabi/14.2.1/thumb/v7e-m+fp/hard\libgcc.a
LOAD D:/ToolChain/arm-gnu-toolchain-14.2.rel1-mingw-w64-i686-arm-none-eabi/bin/../lib/gcc/arm-none-eabi/14.2.1/thumb/v7e-m+fp/hard\libc_nano.a
END GROUP
LOAD D:/ToolChain/arm-gnu-toolchain-14.2.rel1-mingw-w64-i686-arm-none-eabi/bin/../lib/gcc/arm-none-eabi/14.2.1/thumb/v7e-m+fp/hard/crtend.o
LOAD D:/ToolChain/arm-gnu-toolchain-14.2.rel1-mingw-w64-i686-arm-none-eabi/bin/../lib/gcc/arm-none-eabi/14.2.1/thumb/v7e-m+fp/hard/crtn.o
                0x20020000                        _estack = (ORIGIN (RAM) + LENGTH (RAM))
                0x00000200                        _Min_Heap_Size = 0x200
                0x00000400                        _Min_Stack_Size = 0x400

.isr_vector     0x08000000      0x188
                0x08000000                        . = ALIGN (0x4)
 *(.isr_vector)
 .isr_vector    0x08000000      0x188 CMakeFiles/Weak_Signal.dir/startup_stm32f407xx.s.obj
                0x08000000                g_pfnVectors
                0x08000188                        . = ALIGN (0x4)

.text           0x08000190     0x8c30
                0x08000190                        . = ALIGN (0x4)
 *(.text)
 .text          0x08000190       0xa0 D:/ToolChain/arm-gnu-toolchain-14.2.rel1-mingw-w64-i686-arm-none-eabi/bin/../lib/gcc/arm-none-eabi/14.2.1/thumb/v7e-m+fp/hard\libc_nano.a(libc_a-memchr.o)
                0x08000190                memchr
 .text          0x08000230       0x10 D:/ToolChain/arm-gnu-toolchain-14.2.rel1-mingw-w64-i686-arm-none-eabi/bin/../lib/gcc/arm-none-eabi/14.2.1/thumb/v7e-m+fp/hard\libc_nano.a(libc_a-strlen.o)
                0x08000230                strlen
 .text          0x08000240      0x378 D:/ToolChain/arm-gnu-toolchain-14.2.rel1-mingw-w64-i686-arm-none-eabi/bin/../lib/gcc/arm-none-eabi/14.2.1/thumb/v7e-m+fp/hard\libgcc.a(_arm_addsubdf3.o)
                0x08000240                __aeabi_drsub
                0x08000248                __aeabi_dsub
                0x08000248                __subdf3
                0x0800024c                __aeabi_dadd
                0x0800024c                __adddf3
                0x080004c4                __floatunsidf
                0x080004c4                __aeabi_ui2d
                0x080004e4                __floatsidf
                0x080004e4                __aeabi_i2d
                0x08000508                __aeabi_f2d
                0x08000508                __extendsfdf2
                0x0800054c                __floatundidf
                0x0800054c                __aeabi_ul2d
                0x0800055c                __floatdidf
                0x0800055c                __aeabi_l2d
 .text          0x080005b8      0x424 D:/ToolChain/arm-gnu-toolchain-14.2.rel1-mingw-w64-i686-arm-none-eabi/bin/../lib/gcc/arm-none-eabi/14.2.1/thumb/v7e-m+fp/hard\libgcc.a(_arm_muldivdf3.o)
                0x080005b8                __aeabi_dmul
                0x080005b8                __muldf3
                0x0800080c                __divdf3
                0x0800080c                __aeabi_ddiv
 .text          0x080009dc      0x110 D:/ToolChain/arm-gnu-toolchain-14.2.rel1-mingw-w64-i686-arm-none-eabi/bin/../lib/gcc/arm-none-eabi/14.2.1/thumb/v7e-m+fp/hard\libgcc.a(_arm_cmpdf2.o)
                0x080009dc                __gtdf2
                0x080009dc                __gedf2
                0x080009e4                __ltdf2
                0x080009e4                __ledf2
                0x080009ec                __nedf2
                0x080009ec                __eqdf2
                0x080009ec                __cmpdf2
                0x08000a68                __aeabi_cdrcmple
                0x08000a78                __aeabi_cdcmpeq
                0x08000a78                __aeabi_cdcmple
                0x08000a88                __aeabi_dcmpeq
                0x08000a9c                __aeabi_dcmplt
                0x08000ab0                __aeabi_dcmple
                0x08000ac4                __aeabi_dcmpge
                0x08000ad8                __aeabi_dcmpgt
 .text          0x08000aec       0x2c D:/ToolChain/arm-gnu-toolchain-14.2.rel1-mingw-w64-i686-arm-none-eabi/bin/../lib/gcc/arm-none-eabi/14.2.1/thumb/v7e-m+fp/hard\libgcc.a(_arm_unorddf2.o)
                0x08000aec                __unorddf2
                0x08000aec                __aeabi_dcmpun
 .text          0x08000b18       0x50 D:/ToolChain/arm-gnu-toolchain-14.2.rel1-mingw-w64-i686-arm-none-eabi/bin/../lib/gcc/arm-none-eabi/14.2.1/thumb/v7e-m+fp/hard\libgcc.a(_arm_fixdfsi.o)
                0x08000b18                __aeabi_d2iz
                0x08000b18                __fixdfsi
 .text          0x08000b68       0x30 D:/ToolChain/arm-gnu-toolchain-14.2.rel1-mingw-w64-i686-arm-none-eabi/bin/../lib/gcc/arm-none-eabi/14.2.1/thumb/v7e-m+fp/hard\libgcc.a(_aeabi_uldivmod.o)
                0x08000b68                __aeabi_uldivmod
 .text          0x08000b98        0x4 D:/ToolChain/arm-gnu-toolchain-14.2.rel1-mingw-w64-i686-arm-none-eabi/bin/../lib/gcc/arm-none-eabi/14.2.1/thumb/v7e-m+fp/hard\libgcc.a(_dvmd_tls.o)
                0x08000b98                __aeabi_idiv0
                0x08000b98                __aeabi_ldiv0
 *(.text*)
 .text.deregister_tm_clones
                0x08000b9c       0x1c D:/ToolChain/arm-gnu-toolchain-14.2.rel1-mingw-w64-i686-arm-none-eabi/bin/../lib/gcc/arm-none-eabi/14.2.1/thumb/v7e-m+fp/hard/crtbegin.o
 .text.register_tm_clones
                0x08000bb8       0x24 D:/ToolChain/arm-gnu-toolchain-14.2.rel1-mingw-w64-i686-arm-none-eabi/bin/../lib/gcc/arm-none-eabi/14.2.1/thumb/v7e-m+fp/hard/crtbegin.o
 .text.__do_global_dtors_aux
                0x08000bdc       0x28 D:/ToolChain/arm-gnu-toolchain-14.2.rel1-mingw-w64-i686-arm-none-eabi/bin/../lib/gcc/arm-none-eabi/14.2.1/thumb/v7e-m+fp/hard/crtbegin.o
 .text.frame_dummy
                0x08000c04       0x24 D:/ToolChain/arm-gnu-toolchain-14.2.rel1-mingw-w64-i686-arm-none-eabi/bin/../lib/gcc/arm-none-eabi/14.2.1/thumb/v7e-m+fp/hard/crtbegin.o
 .text.__cvt    0x08000c28       0xca D:/ToolChain/arm-gnu-toolchain-14.2.rel1-mingw-w64-i686-arm-none-eabi/bin/../lib/gcc/arm-none-eabi/14.2.1/thumb/v7e-m+fp/hard\libc_nano.a(libc_a-nano-vfprintf_float.o)
                0x08000c28                __cvt
 .text.__exponent
                0x08000cf2       0x74 D:/ToolChain/arm-gnu-toolchain-14.2.rel1-mingw-w64-i686-arm-none-eabi/bin/../lib/gcc/arm-none-eabi/14.2.1/thumb/v7e-m+fp/hard\libc_nano.a(libc_a-nano-vfprintf_float.o)
                0x08000cf2                __exponent
 *fill*         0x08000d66        0x2 
 .text._printf_float
                0x08000d68      0x450 D:/ToolChain/arm-gnu-toolchain-14.2.rel1-mingw-w64-i686-arm-none-eabi/bin/../lib/gcc/arm-none-eabi/14.2.1/thumb/v7e-m+fp/hard\libc_nano.a(libc_a-nano-vfprintf_float.o)
                0x08000d68                _printf_float
 .text._printf_common
                0x080011b8       0xda D:/ToolChain/arm-gnu-toolchain-14.2.rel1-mingw-w64-i686-arm-none-eabi/bin/../lib/gcc/arm-none-eabi/14.2.1/thumb/v7e-m+fp/hard\libc_nano.a(libc_a-nano-vfprintf_i.o)
                0x080011b8                _printf_common
 *fill*         0x08001292        0x2 
 .text._printf_i
                0x08001294      0x240 D:/ToolChain/arm-gnu-toolchain-14.2.rel1-mingw-w64-i686-arm-none-eabi/bin/../lib/gcc/arm-none-eabi/14.2.1/thumb/v7e-m+fp/hard\libc_nano.a(libc_a-nano-vfprintf_i.o)
                0x08001294                _printf_i
 .text.std      0x080014d4       0x6c D:/ToolChain/arm-gnu-toolchain-14.2.rel1-mingw-w64-i686-arm-none-eabi/bin/../lib/gcc/arm-none-eabi/14.2.1/thumb/v7e-m+fp/hard\libc_nano.a(libc_a-findfp.o)
 .text.stdio_exit_handler
                0x08001540       0x18 D:/ToolChain/arm-gnu-toolchain-14.2.rel1-mingw-w64-i686-arm-none-eabi/bin/../lib/gcc/arm-none-eabi/14.2.1/thumb/v7e-m+fp/hard\libc_nano.a(libc_a-findfp.o)
 .text.cleanup_stdio
                0x08001558       0x40 D:/ToolChain/arm-gnu-toolchain-14.2.rel1-mingw-w64-i686-arm-none-eabi/bin/../lib/gcc/arm-none-eabi/14.2.1/thumb/v7e-m+fp/hard\libc_nano.a(libc_a-findfp.o)
 .text.global_stdio_init.part.0
                0x08001598       0x40 D:/ToolChain/arm-gnu-toolchain-14.2.rel1-mingw-w64-i686-arm-none-eabi/bin/../lib/gcc/arm-none-eabi/14.2.1/thumb/v7e-m+fp/hard\libc_nano.a(libc_a-findfp.o)
 .text.__sfp_lock_acquire
                0x080015d8        0xc D:/ToolChain/arm-gnu-toolchain-14.2.rel1-mingw-w64-i686-arm-none-eabi/bin/../lib/gcc/arm-none-eabi/14.2.1/thumb/v7e-m+fp/hard\libc_nano.a(libc_a-findfp.o)
                0x080015d8                __sfp_lock_acquire
 .text.__sfp_lock_release
                0x080015e4        0xc D:/ToolChain/arm-gnu-toolchain-14.2.rel1-mingw-w64-i686-arm-none-eabi/bin/../lib/gcc/arm-none-eabi/14.2.1/thumb/v7e-m+fp/hard\libc_nano.a(libc_a-findfp.o)
                0x080015e4                __sfp_lock_release
 .text.__sinit  0x080015f0       0x30 D:/ToolChain/arm-gnu-toolchain-14.2.rel1-mingw-w64-i686-arm-none-eabi/bin/../lib/gcc/arm-none-eabi/14.2.1/thumb/v7e-m+fp/hard\libc_nano.a(libc_a-findfp.o)
                0x080015f0                __sinit
 .text._fwalk_sglue
                0x08001620       0x3c D:/ToolChain/arm-gnu-toolchain-14.2.rel1-mingw-w64-i686-arm-none-eabi/bin/../lib/gcc/arm-none-eabi/14.2.1/thumb/v7e-m+fp/hard\libc_nano.a(libc_a-fwalk.o)
                0x08001620                _fwalk_sglue
 .text.__sread  0x0800165c       0x22 D:/ToolChain/arm-gnu-toolchain-14.2.rel1-mingw-w64-i686-arm-none-eabi/bin/../lib/gcc/arm-none-eabi/14.2.1/thumb/v7e-m+fp/hard\libc_nano.a(libc_a-stdio.o)
                0x0800165c                __sread
 .text.__swrite
                0x0800167e       0x38 D:/ToolChain/arm-gnu-toolchain-14.2.rel1-mingw-w64-i686-arm-none-eabi/bin/../lib/gcc/arm-none-eabi/14.2.1/thumb/v7e-m+fp/hard\libc_nano.a(libc_a-stdio.o)
                0x0800167e                __swrite
 .text.__sseek  0x080016b6       0x26 D:/ToolChain/arm-gnu-toolchain-14.2.rel1-mingw-w64-i686-arm-none-eabi/bin/../lib/gcc/arm-none-eabi/14.2.1/thumb/v7e-m+fp/hard\libc_nano.a(libc_a-stdio.o)
                0x080016b6                __sseek
 .text.__sclose
                0x080016dc        0x8 D:/ToolChain/arm-gnu-toolchain-14.2.rel1-mingw-w64-i686-arm-none-eabi/bin/../lib/gcc/arm-none-eabi/14.2.1/thumb/v7e-m+fp/hard\libc_nano.a(libc_a-stdio.o)
                0x080016dc                __sclose
 .text.memset   0x080016e4       0x10 D:/ToolChain/arm-gnu-toolchain-14.2.rel1-mingw-w64-i686-arm-none-eabi/bin/../lib/gcc/arm-none-eabi/14.2.1/thumb/v7e-m+fp/hard\libc_nano.a(libc_a-memset.o)
                0x080016e4                memset
 .text._localeconv_r
                0x080016f4        0x8 D:/ToolChain/arm-gnu-toolchain-14.2.rel1-mingw-w64-i686-arm-none-eabi/bin/../lib/gcc/arm-none-eabi/14.2.1/thumb/v7e-m+fp/hard\libc_nano.a(libc_a-localeconv.o)
                0x080016f4                _localeconv_r
 .text._close_r
                0x080016fc       0x20 D:/ToolChain/arm-gnu-toolchain-14.2.rel1-mingw-w64-i686-arm-none-eabi/bin/../lib/gcc/arm-none-eabi/14.2.1/thumb/v7e-m+fp/hard\libc_nano.a(libc_a-closer.o)
                0x080016fc                _close_r
 .text._lseek_r
                0x0800171c       0x24 D:/ToolChain/arm-gnu-toolchain-14.2.rel1-mingw-w64-i686-arm-none-eabi/bin/../lib/gcc/arm-none-eabi/14.2.1/thumb/v7e-m+fp/hard\libc_nano.a(libc_a-lseekr.o)
                0x0800171c                _lseek_r
 .text._read_r  0x08001740       0x24 D:/ToolChain/arm-gnu-toolchain-14.2.rel1-mingw-w64-i686-arm-none-eabi/bin/../lib/gcc/arm-none-eabi/14.2.1/thumb/v7e-m+fp/hard\libc_nano.a(libc_a-readr.o)
                0x08001740                _read_r
 .text._write_r
                0x08001764       0x24 D:/ToolChain/arm-gnu-toolchain-14.2.rel1-mingw-w64-i686-arm-none-eabi/bin/../lib/gcc/arm-none-eabi/14.2.1/thumb/v7e-m+fp/hard\libc_nano.a(libc_a-writer.o)
                0x08001764                _write_r
 .text.__libc_init_array
                0x08001788       0x48 D:/ToolChain/arm-gnu-toolchain-14.2.rel1-mingw-w64-i686-arm-none-eabi/bin/../lib/gcc/arm-none-eabi/14.2.1/thumb/v7e-m+fp/hard\libc_nano.a(libc_a-init.o)
                0x08001788                __libc_init_array
 .text.__retarget_lock_init_recursive
                0x080017d0        0x2 D:/ToolChain/arm-gnu-toolchain-14.2.rel1-mingw-w64-i686-arm-none-eabi/bin/../lib/gcc/arm-none-eabi/14.2.1/thumb/v7e-m+fp/hard\libc_nano.a(libc_a-lock.o)
                0x080017d0                __retarget_lock_init_recursive
 .text.__retarget_lock_acquire_recursive
                0x080017d2        0x2 D:/ToolChain/arm-gnu-toolchain-14.2.rel1-mingw-w64-i686-arm-none-eabi/bin/../lib/gcc/arm-none-eabi/14.2.1/thumb/v7e-m+fp/hard\libc_nano.a(libc_a-lock.o)
                0x080017d2                __retarget_lock_acquire_recursive
 .text.__retarget_lock_release_recursive
                0x080017d4        0x2 D:/ToolChain/arm-gnu-toolchain-14.2.rel1-mingw-w64-i686-arm-none-eabi/bin/../lib/gcc/arm-none-eabi/14.2.1/thumb/v7e-m+fp/hard\libc_nano.a(libc_a-lock.o)
                0x080017d4                __retarget_lock_release_recursive
 .text.quorem   0x080017d6      0x110 D:/ToolChain/arm-gnu-toolchain-14.2.rel1-mingw-w64-i686-arm-none-eabi/bin/../lib/gcc/arm-none-eabi/14.2.1/thumb/v7e-m+fp/hard\libc_nano.a(libc_a-dtoa.o)
 *fill*         0x080018e6        0x2 
 .text._dtoa_r  0x080018e8      0xbc0 D:/ToolChain/arm-gnu-toolchain-14.2.rel1-mingw-w64-i686-arm-none-eabi/bin/../lib/gcc/arm-none-eabi/14.2.1/thumb/v7e-m+fp/hard\libc_nano.a(libc_a-dtoa.o)
                0x080018e8                _dtoa_r
 .text._free_r  0x080024a8       0x94 D:/ToolChain/arm-gnu-toolchain-14.2.rel1-mingw-w64-i686-arm-none-eabi/bin/../lib/gcc/arm-none-eabi/14.2.1/thumb/v7e-m+fp/hard\libc_nano.a(libc_a-freer.o)
                0x080024a8                _free_r
 .text.malloc   0x0800253c       0x10 D:/ToolChain/arm-gnu-toolchain-14.2.rel1-mingw-w64-i686-arm-none-eabi/bin/../lib/gcc/arm-none-eabi/14.2.1/thumb/v7e-m+fp/hard\libc_nano.a(libc_a-malloc.o)
                0x0800253c                malloc
 .text.sbrk_aligned
                0x0800254c       0x44 D:/ToolChain/arm-gnu-toolchain-14.2.rel1-mingw-w64-i686-arm-none-eabi/bin/../lib/gcc/arm-none-eabi/14.2.1/thumb/v7e-m+fp/hard\libc_nano.a(libc_a-mallocr.o)
 .text._malloc_r
                0x08002590      0x100 D:/ToolChain/arm-gnu-toolchain-14.2.rel1-mingw-w64-i686-arm-none-eabi/bin/../lib/gcc/arm-none-eabi/14.2.1/thumb/v7e-m+fp/hard\libc_nano.a(libc_a-mallocr.o)
                0x08002590                _malloc_r
 .text.__malloc_lock
                0x08002690        0xc D:/ToolChain/arm-gnu-toolchain-14.2.rel1-mingw-w64-i686-arm-none-eabi/bin/../lib/gcc/arm-none-eabi/14.2.1/thumb/v7e-m+fp/hard\libc_nano.a(libc_a-mlock.o)
                0x08002690                __malloc_lock
 .text.__malloc_unlock
                0x0800269c        0xc D:/ToolChain/arm-gnu-toolchain-14.2.rel1-mingw-w64-i686-arm-none-eabi/bin/../lib/gcc/arm-none-eabi/14.2.1/thumb/v7e-m+fp/hard\libc_nano.a(libc_a-mlock.o)
                0x0800269c                __malloc_unlock
 .text._Balloc  0x080026a8       0x7c D:/ToolChain/arm-gnu-toolchain-14.2.rel1-mingw-w64-i686-arm-none-eabi/bin/../lib/gcc/arm-none-eabi/14.2.1/thumb/v7e-m+fp/hard\libc_nano.a(libc_a-mprec.o)
                0x080026a8                _Balloc
 .text._Bfree   0x08002724       0x44 D:/ToolChain/arm-gnu-toolchain-14.2.rel1-mingw-w64-i686-arm-none-eabi/bin/../lib/gcc/arm-none-eabi/14.2.1/thumb/v7e-m+fp/hard\libc_nano.a(libc_a-mprec.o)
                0x08002724                _Bfree
 .text.__multadd
                0x08002768       0x8c D:/ToolChain/arm-gnu-toolchain-14.2.rel1-mingw-w64-i686-arm-none-eabi/bin/../lib/gcc/arm-none-eabi/14.2.1/thumb/v7e-m+fp/hard\libc_nano.a(libc_a-mprec.o)
                0x08002768                __multadd
 .text.__hi0bits
                0x080027f4       0x3e D:/ToolChain/arm-gnu-toolchain-14.2.rel1-mingw-w64-i686-arm-none-eabi/bin/../lib/gcc/arm-none-eabi/14.2.1/thumb/v7e-m+fp/hard\libc_nano.a(libc_a-mprec.o)
                0x080027f4                __hi0bits
 .text.__lo0bits
                0x08002832       0x5a D:/ToolChain/arm-gnu-toolchain-14.2.rel1-mingw-w64-i686-arm-none-eabi/bin/../lib/gcc/arm-none-eabi/14.2.1/thumb/v7e-m+fp/hard\libc_nano.a(libc_a-mprec.o)
                0x08002832                __lo0bits
 .text.__i2b    0x0800288c       0x2c D:/ToolChain/arm-gnu-toolchain-14.2.rel1-mingw-w64-i686-arm-none-eabi/bin/../lib/gcc/arm-none-eabi/14.2.1/thumb/v7e-m+fp/hard\libc_nano.a(libc_a-mprec.o)
                0x0800288c                __i2b
 .text.__multiply
                0x080028b8      0x154 D:/ToolChain/arm-gnu-toolchain-14.2.rel1-mingw-w64-i686-arm-none-eabi/bin/../lib/gcc/arm-none-eabi/14.2.1/thumb/v7e-m+fp/hard\libc_nano.a(libc_a-mprec.o)
                0x080028b8                __multiply
 .text.__pow5mult
                0x08002a0c       0xb8 D:/ToolChain/arm-gnu-toolchain-14.2.rel1-mingw-w64-i686-arm-none-eabi/bin/../lib/gcc/arm-none-eabi/14.2.1/thumb/v7e-m+fp/hard\libc_nano.a(libc_a-mprec.o)
                0x08002a0c                __pow5mult
 .text.__lshift
                0x08002ac4       0xdc D:/ToolChain/arm-gnu-toolchain-14.2.rel1-mingw-w64-i686-arm-none-eabi/bin/../lib/gcc/arm-none-eabi/14.2.1/thumb/v7e-m+fp/hard\libc_nano.a(libc_a-mprec.o)
                0x08002ac4                __lshift
 .text.__mcmp   0x08002ba0       0x36 D:/ToolChain/arm-gnu-toolchain-14.2.rel1-mingw-w64-i686-arm-none-eabi/bin/../lib/gcc/arm-none-eabi/14.2.1/thumb/v7e-m+fp/hard\libc_nano.a(libc_a-mprec.o)
                0x08002ba0                __mcmp
 *fill*         0x08002bd6        0x2 
 .text.__mdiff  0x08002bd8      0x130 D:/ToolChain/arm-gnu-toolchain-14.2.rel1-mingw-w64-i686-arm-none-eabi/bin/../lib/gcc/arm-none-eabi/14.2.1/thumb/v7e-m+fp/hard\libc_nano.a(libc_a-mprec.o)
                0x08002bd8                __mdiff
 .text.__d2b    0x08002d08       0xb0 D:/ToolChain/arm-gnu-toolchain-14.2.rel1-mingw-w64-i686-arm-none-eabi/bin/../lib/gcc/arm-none-eabi/14.2.1/thumb/v7e-m+fp/hard\libc_nano.a(libc_a-mprec.o)
                0x08002d08                __d2b
 .text.__sflush_r
                0x08002db8      0x104 D:/ToolChain/arm-gnu-toolchain-14.2.rel1-mingw-w64-i686-arm-none-eabi/bin/../lib/gcc/arm-none-eabi/14.2.1/thumb/v7e-m+fp/hard\libc_nano.a(libc_a-fflush.o)
                0x08002db8                __sflush_r
 .text._fflush_r
                0x08002ebc       0x50 D:/ToolChain/arm-gnu-toolchain-14.2.rel1-mingw-w64-i686-arm-none-eabi/bin/../lib/gcc/arm-none-eabi/14.2.1/thumb/v7e-m+fp/hard\libc_nano.a(libc_a-fflush.o)
                0x08002ebc                _fflush_r
 .text._sbrk_r  0x08002f0c       0x20 D:/ToolChain/arm-gnu-toolchain-14.2.rel1-mingw-w64-i686-arm-none-eabi/bin/../lib/gcc/arm-none-eabi/14.2.1/thumb/v7e-m+fp/hard\libc_nano.a(libc_a-sbrkr.o)
                0x08002f0c                _sbrk_r
 .text.memcpy   0x08002f2c       0x1c D:/ToolChain/arm-gnu-toolchain-14.2.rel1-mingw-w64-i686-arm-none-eabi/bin/../lib/gcc/arm-none-eabi/14.2.1/thumb/v7e-m+fp/hard\libc_nano.a(libc_a-memcpy-stub.o)
                0x08002f2c                memcpy
 .text.__assert_func
                0x08002f48       0x3c D:/ToolChain/arm-gnu-toolchain-14.2.rel1-mingw-w64-i686-arm-none-eabi/bin/../lib/gcc/arm-none-eabi/14.2.1/thumb/v7e-m+fp/hard\libc_nano.a(libc_a-assert.o)
                0x08002f48                __assert_func
 .text._calloc_r
                0x08002f84       0x28 D:/ToolChain/arm-gnu-toolchain-14.2.rel1-mingw-w64-i686-arm-none-eabi/bin/../lib/gcc/arm-none-eabi/14.2.1/thumb/v7e-m+fp/hard\libc_nano.a(libc_a-callocr.o)
                0x08002f84                _calloc_r
 .text.__ascii_mbtowc
                0x08002fac       0x24 D:/ToolChain/arm-gnu-toolchain-14.2.rel1-mingw-w64-i686-arm-none-eabi/bin/../lib/gcc/arm-none-eabi/14.2.1/thumb/v7e-m+fp/hard\libc_nano.a(libc_a-mbtowc_r.o)
                0x08002fac                __ascii_mbtowc
 .text.__ascii_wctomb
                0x08002fd0       0x1a D:/ToolChain/arm-gnu-toolchain-14.2.rel1-mingw-w64-i686-arm-none-eabi/bin/../lib/gcc/arm-none-eabi/14.2.1/thumb/v7e-m+fp/hard\libc_nano.a(libc_a-wctomb_r.o)
                0x08002fd0                __ascii_wctomb
 *fill*         0x08002fea        0x2 
 .text.fprintf  0x08002fec       0x24 D:/ToolChain/arm-gnu-toolchain-14.2.rel1-mingw-w64-i686-arm-none-eabi/bin/../lib/gcc/arm-none-eabi/14.2.1/thumb/v7e-m+fp/hard\libc_nano.a(libc_a-fprintf.o)
                0x08002fec                fiprintf
                0x08002fec                fprintf
 .text.abort    0x08003010        0xe D:/ToolChain/arm-gnu-toolchain-14.2.rel1-mingw-w64-i686-arm-none-eabi/bin/../lib/gcc/arm-none-eabi/14.2.1/thumb/v7e-m+fp/hard\libc_nano.a(libc_a-abort.o)
                0x08003010                abort
 .text.__sfputc_r
                0x0800301e       0x2e D:/ToolChain/arm-gnu-toolchain-14.2.rel1-mingw-w64-i686-arm-none-eabi/bin/../lib/gcc/arm-none-eabi/14.2.1/thumb/v7e-m+fp/hard\libc_nano.a(libc_a-nano-vfprintf.o)
 .text.__sfputs_r
                0x0800304c       0x24 D:/ToolChain/arm-gnu-toolchain-14.2.rel1-mingw-w64-i686-arm-none-eabi/bin/../lib/gcc/arm-none-eabi/14.2.1/thumb/v7e-m+fp/hard\libc_nano.a(libc_a-nano-vfprintf.o)
                0x0800304c                __sfputs_r
 .text._vfprintf_r
                0x08003070      0x230 D:/ToolChain/arm-gnu-toolchain-14.2.rel1-mingw-w64-i686-arm-none-eabi/bin/../lib/gcc/arm-none-eabi/14.2.1/thumb/v7e-m+fp/hard\libc_nano.a(libc_a-nano-vfprintf.o)
                0x08003070                _vfprintf_r
                0x08003070                _vfiprintf_r
 .text.__swbuf_r
                0x080032a0       0x7c D:/ToolChain/arm-gnu-toolchain-14.2.rel1-mingw-w64-i686-arm-none-eabi/bin/../lib/gcc/arm-none-eabi/14.2.1/thumb/v7e-m+fp/hard\libc_nano.a(libc_a-wbuf.o)
                0x080032a0                __swbuf_r
 .text.__swsetup_r
                0x0800331c       0xa8 D:/ToolChain/arm-gnu-toolchain-14.2.rel1-mingw-w64-i686-arm-none-eabi/bin/../lib/gcc/arm-none-eabi/14.2.1/thumb/v7e-m+fp/hard\libc_nano.a(libc_a-wsetup.o)
                0x0800331c                __swsetup_r
 .text.memmove  0x080033c4       0x32 D:/ToolChain/arm-gnu-toolchain-14.2.rel1-mingw-w64-i686-arm-none-eabi/bin/../lib/gcc/arm-none-eabi/14.2.1/thumb/v7e-m+fp/hard\libc_nano.a(libc_a-memmove.o)
                0x080033c4                memmove
 .text._raise_r
                0x080033f6       0x50 D:/ToolChain/arm-gnu-toolchain-14.2.rel1-mingw-w64-i686-arm-none-eabi/bin/../lib/gcc/arm-none-eabi/14.2.1/thumb/v7e-m+fp/hard\libc_nano.a(libc_a-signal.o)
                0x080033f6                _raise_r
 *fill*         0x08003446        0x2 
 .text.raise    0x08003448       0x10 D:/ToolChain/arm-gnu-toolchain-14.2.rel1-mingw-w64-i686-arm-none-eabi/bin/../lib/gcc/arm-none-eabi/14.2.1/thumb/v7e-m+fp/hard\libc_nano.a(libc_a-signal.o)
                0x08003448                raise
 .text._kill_r  0x08003458       0x24 D:/ToolChain/arm-gnu-toolchain-14.2.rel1-mingw-w64-i686-arm-none-eabi/bin/../lib/gcc/arm-none-eabi/14.2.1/thumb/v7e-m+fp/hard\libc_nano.a(libc_a-signalr.o)
                0x08003458                _kill_r
 .text._getpid_r
                0x0800347c        0x4 D:/ToolChain/arm-gnu-toolchain-14.2.rel1-mingw-w64-i686-arm-none-eabi/bin/../lib/gcc/arm-none-eabi/14.2.1/thumb/v7e-m+fp/hard\libc_nano.a(libc_a-signalr.o)
                0x0800347c                _getpid_r
 .text._realloc_r
                0x08003480       0x5c D:/ToolChain/arm-gnu-toolchain-14.2.rel1-mingw-w64-i686-arm-none-eabi/bin/../lib/gcc/arm-none-eabi/14.2.1/thumb/v7e-m+fp/hard\libc_nano.a(libc_a-reallocr.o)
                0x08003480                _realloc_r
 .text.__swhatbuf_r
                0x080034dc       0x48 D:/ToolChain/arm-gnu-toolchain-14.2.rel1-mingw-w64-i686-arm-none-eabi/bin/../lib/gcc/arm-none-eabi/14.2.1/thumb/v7e-m+fp/hard\libc_nano.a(libc_a-makebuf.o)
                0x080034dc                __swhatbuf_r
 .text.__smakebuf_r
                0x08003524       0x72 D:/ToolChain/arm-gnu-toolchain-14.2.rel1-mingw-w64-i686-arm-none-eabi/bin/../lib/gcc/arm-none-eabi/14.2.1/thumb/v7e-m+fp/hard\libc_nano.a(libc_a-makebuf.o)
                0x08003524                __smakebuf_r
 *fill*         0x08003596        0x2 
 .text._fstat_r
                0x08003598       0x24 D:/ToolChain/arm-gnu-toolchain-14.2.rel1-mingw-w64-i686-arm-none-eabi/bin/../lib/gcc/arm-none-eabi/14.2.1/thumb/v7e-m+fp/hard\libc_nano.a(libc_a-fstatr.o)
                0x08003598                _fstat_r
 .text._isatty_r
                0x080035bc       0x20 D:/ToolChain/arm-gnu-toolchain-14.2.rel1-mingw-w64-i686-arm-none-eabi/bin/../lib/gcc/arm-none-eabi/14.2.1/thumb/v7e-m+fp/hard\libc_nano.a(libc_a-isattyr.o)
                0x080035bc                _isatty_r
 .text._malloc_usable_size_r
                0x080035dc       0x10 D:/ToolChain/arm-gnu-toolchain-14.2.rel1-mingw-w64-i686-arm-none-eabi/bin/../lib/gcc/arm-none-eabi/14.2.1/thumb/v7e-m+fp/hard\libc_nano.a(libc_a-msizer.o)
                0x080035dc                _malloc_usable_size_r
 .text.Set_AMP_Second_Magnification
                0x080035ec       0xa4 CMakeFiles/Weak_Signal.dir/BSP/Src/amp.c.obj
                0x080035ec                Set_AMP_Second_Magnification
 .text.Set_AMP_LPF
                0x08003690       0xac CMakeFiles/Weak_Signal.dir/BSP/Src/amp.c.obj
                0x08003690                Set_AMP_LPF
 .text.Set_DG408_IN
                0x0800373c      0x188 CMakeFiles/Weak_Signal.dir/BSP/Src/amp.c.obj
                0x0800373c                Set_DG408_IN
 .text.AMP_Setup
                0x080038c4       0x2e CMakeFiles/Weak_Signal.dir/BSP/Src/amp.c.obj
                0x080038c4                AMP_Setup
 *fill*         0x080038f2        0x2 
 .text._write   0x080038f4       0x6c CMakeFiles/Weak_Signal.dir/BSP/Src/retarget_uart.c.obj
                0x080038f4                _write
 .text.CS_1     0x08003960       0x20 CMakeFiles/Weak_Signal.dir/BSP/Src/ads1256.c.obj
                0x08003960                CS_1
 .text.CS_0     0x08003980       0x20 CMakeFiles/Weak_Signal.dir/BSP/Src/ads1256.c.obj
                0x08003980                CS_0
 .text.waitDRDY
                0x080039a0       0x2a CMakeFiles/Weak_Signal.dir/BSP/Src/ads1256.c.obj
                0x080039a0                waitDRDY
 .text.ADS1256_Write_Bit
                0x080039ca       0x24 CMakeFiles/Weak_Signal.dir/BSP/Src/ads1256.c.obj
                0x080039ca                ADS1256_Write_Bit
 *fill*         0x080039ee        0x2 
 .text.ADS1256_Write_Reg
                0x080039f0       0x78 CMakeFiles/Weak_Signal.dir/BSP/Src/ads1256.c.obj
                0x080039f0                ADS1256_Write_Reg
 .text.ADS1256_Read_Bit
                0x08003a68       0x22 CMakeFiles/Weak_Signal.dir/BSP/Src/ads1256.c.obj
                0x08003a68                ADS1256_Read_Bit
 *fill*         0x08003a8a        0x2 
 .text.ADS1256_Read_Reg
                0x08003a8c       0x7c CMakeFiles/Weak_Signal.dir/BSP/Src/ads1256.c.obj
                0x08003a8c                ADS1256_Read_Reg
 .text.writeCMD
                0x08003b08       0x2a CMakeFiles/Weak_Signal.dir/BSP/Src/ads1256.c.obj
                0x08003b08                writeCMD
 .text.softReset
                0x08003b32       0x24 CMakeFiles/Weak_Signal.dir/BSP/Src/ads1256.c.obj
                0x08003b32                softReset
 .text.setDIFFChannel
                0x08003b56       0x3a CMakeFiles/Weak_Signal.dir/BSP/Src/ads1256.c.obj
                0x08003b56                setDIFFChannel
 .text.ADS1256_ReadAdcData_Original
                0x08003b90       0x78 CMakeFiles/Weak_Signal.dir/BSP/Src/ads1256.c.obj
                0x08003b90                ADS1256_ReadAdcData_Original
 .text.ADS1256_ADCDataConvert
                0x08003c08       0x80 CMakeFiles/Weak_Signal.dir/BSP/Src/ads1256.c.obj
                0x08003c08                ADS1256_ADCDataConvert
 .text.ADS1256_Init
                0x08003c88       0xe4 CMakeFiles/Weak_Signal.dir/BSP/Src/ads1256.c.obj
                0x08003c88                ADS1256_Init
 .text.ADS1256_Read_Data_ISR
                0x08003d6c       0x80 CMakeFiles/Weak_Signal.dir/BSP/Src/ads1256.c.obj
                0x08003d6c                ADS1256_Read_Data_ISR
 .text.delay_us
                0x08003dec       0x4c CMakeFiles/Weak_Signal.dir/BSP/Src/delay.c.obj
                0x08003dec                delay_us
 .text.lcd_ex_st7796_reginit
                0x08003e38      0x1ca CMakeFiles/Weak_Signal.dir/BSP/Src/atk_md0350.c.obj
                0x08003e38                lcd_ex_st7796_reginit
 *fill*         0x08004002        0x2 
 .text.lcd_wr_data
                0x08004004       0x28 CMakeFiles/Weak_Signal.dir/BSP/Src/atk_md0350.c.obj
                0x08004004                lcd_wr_data
 .text.lcd_wr_regno
                0x0800402c       0x28 CMakeFiles/Weak_Signal.dir/BSP/Src/atk_md0350.c.obj
                0x0800402c                lcd_wr_regno
 .text.lcd_write_reg
                0x08004054       0x2c CMakeFiles/Weak_Signal.dir/BSP/Src/atk_md0350.c.obj
                0x08004054                lcd_write_reg
 .text.lcd_opt_delay
                0x08004080       0x22 CMakeFiles/Weak_Signal.dir/BSP/Src/atk_md0350.c.obj
 *fill*         0x080040a2        0x2 
 .text.lcd_rd_data
                0x080040a4       0x24 CMakeFiles/Weak_Signal.dir/BSP/Src/atk_md0350.c.obj
 .text.lcd_write_ram_prepare
                0x080040c8       0x20 CMakeFiles/Weak_Signal.dir/BSP/Src/atk_md0350.c.obj
                0x080040c8                lcd_write_ram_prepare
 .text.lcd_set_cursor
                0x080040e8       0x60 CMakeFiles/Weak_Signal.dir/BSP/Src/atk_md0350.c.obj
                0x080040e8                lcd_set_cursor
 .text.lcd_scan_dir
                0x08004148      0x1ec CMakeFiles/Weak_Signal.dir/BSP/Src/atk_md0350.c.obj
                0x08004148                lcd_scan_dir
 .text.lcd_draw_point
                0x08004334       0x34 CMakeFiles/Weak_Signal.dir/BSP/Src/atk_md0350.c.obj
                0x08004334                lcd_draw_point
 .text.lcd_display_dir
                0x08004368       0x4c CMakeFiles/Weak_Signal.dir/BSP/Src/atk_md0350.c.obj
                0x08004368                lcd_display_dir
 .text.lcd_init
                0x080043b4       0x6c CMakeFiles/Weak_Signal.dir/BSP/Src/atk_md0350.c.obj
                0x080043b4                lcd_init
 .text.lcd_clear
                0x08004420       0x5c CMakeFiles/Weak_Signal.dir/BSP/Src/atk_md0350.c.obj
                0x08004420                lcd_clear
 .text.lcd_show_char
                0x0800447c      0x1b4 CMakeFiles/Weak_Signal.dir/BSP/Src/atk_md0350.c.obj
                0x0800447c                lcd_show_char
 .text.lcd_show_string
                0x08004630       0x5e CMakeFiles/Weak_Signal.dir/BSP/Src/atk_md0350.c.obj
                0x08004630                lcd_show_string
 .text.lcd_printf
                0x0800468e       0x9e CMakeFiles/Weak_Signal.dir/BSP/Src/atk_md0350.c.obj
                0x0800468e                lcd_printf
 .text.TimeBaseGetFlag
                0x0800472c       0x34 CMakeFiles/Weak_Signal.dir/BSP/Src/my_timer.c.obj
                0x0800472c                TimeBaseGetFlag
 .text.TimeBaseSetFlag
                0x08004760       0x34 CMakeFiles/Weak_Signal.dir/BSP/Src/my_timer.c.obj
                0x08004760                TimeBaseSetFlag
 .text.TimeBaseClearFlag
                0x08004794       0x38 CMakeFiles/Weak_Signal.dir/BSP/Src/my_timer.c.obj
                0x08004794                TimeBaseClearFlag
 .text.TimeBaseUpdata
                0x080047cc       0x6c CMakeFiles/Weak_Signal.dir/BSP/Src/my_timer.c.obj
                0x080047cc                TimeBaseUpdata
 .text.Set_All_Row_Reset
                0x08004838       0x3c CMakeFiles/Weak_Signal.dir/BSP/Src/pannelkey.c.obj
                0x08004838                Set_All_Row_Reset
 .text.Set_One_Row_Set
                0x08004874       0xf0 CMakeFiles/Weak_Signal.dir/BSP/Src/pannelkey.c.obj
                0x08004874                Set_One_Row_Set
 .text.Get_Column_Pin
                0x08004964       0x64 CMakeFiles/Weak_Signal.dir/BSP/Src/pannelkey.c.obj
                0x08004964                Get_Column_Pin
 .text.Check_Row
                0x080049c8      0x1b8 CMakeFiles/Weak_Signal.dir/BSP/Src/pannelkey.c.obj
                0x080049c8                Check_Row
 .text.Key_Detect
                0x08004b80      0x1a0 CMakeFiles/Weak_Signal.dir/BSP/Src/pannelkey.c.obj
                0x08004b80                Key_Detect
 .text.main     0x08004d20      0x22c CMakeFiles/Weak_Signal.dir/Core/Src/main.c.obj
                0x08004d20                main
 .text.SystemClock_Config
                0x08004f4c       0xd4 CMakeFiles/Weak_Signal.dir/Core/Src/main.c.obj
                0x08004f4c                SystemClock_Config
 .text.HAL_TIM_PeriodElapsedCallback
                0x08005020       0x24 CMakeFiles/Weak_Signal.dir/Core/Src/main.c.obj
                0x08005020                HAL_TIM_PeriodElapsedCallback
 .text.Error_Handler
                0x08005044        0xc CMakeFiles/Weak_Signal.dir/Core/Src/main.c.obj
                0x08005044                Error_Handler
 .text.MX_GPIO_Init
                0x08005050      0x300 CMakeFiles/Weak_Signal.dir/Core/Src/gpio.c.obj
                0x08005050                MX_GPIO_Init
 .text.MX_FSMC_Init
                0x08005350       0xf4 CMakeFiles/Weak_Signal.dir/Core/Src/fsmc.c.obj
                0x08005350                MX_FSMC_Init
 .text.HAL_FSMC_MspInit
                0x08005444       0xe0 CMakeFiles/Weak_Signal.dir/Core/Src/fsmc.c.obj
 .text.HAL_SRAM_MspInit
                0x08005524       0x14 CMakeFiles/Weak_Signal.dir/Core/Src/fsmc.c.obj
                0x08005524                HAL_SRAM_MspInit
 .text.MX_SPI1_Init
                0x08005538       0x6c CMakeFiles/Weak_Signal.dir/Core/Src/spi.c.obj
                0x08005538                MX_SPI1_Init
 .text.HAL_SPI_MspInit
                0x080055a4       0x90 CMakeFiles/Weak_Signal.dir/Core/Src/spi.c.obj
                0x080055a4                HAL_SPI_MspInit
 .text.MX_TIM6_Init
                0x08005634       0x6c CMakeFiles/Weak_Signal.dir/Core/Src/tim.c.obj
                0x08005634                MX_TIM6_Init
 .text.MX_TIM7_Init
                0x080056a0       0x68 CMakeFiles/Weak_Signal.dir/Core/Src/tim.c.obj
                0x080056a0                MX_TIM7_Init
 .text.HAL_TIM_Base_MspInit
                0x08005708       0x7c CMakeFiles/Weak_Signal.dir/Core/Src/tim.c.obj
                0x08005708                HAL_TIM_Base_MspInit
 .text.MX_USART1_UART_Init
                0x08005784       0x54 CMakeFiles/Weak_Signal.dir/Core/Src/usart.c.obj
                0x08005784                MX_USART1_UART_Init
 .text.HAL_UART_MspInit
                0x080057d8       0x90 CMakeFiles/Weak_Signal.dir/Core/Src/usart.c.obj
                0x080057d8                HAL_UART_MspInit
 .text.NMI_Handler
                0x08005868        0x8 CMakeFiles/Weak_Signal.dir/Core/Src/stm32f4xx_it.c.obj
                0x08005868                NMI_Handler
 .text.HardFault_Handler
                0x08005870        0x8 CMakeFiles/Weak_Signal.dir/Core/Src/stm32f4xx_it.c.obj
                0x08005870                HardFault_Handler
 .text.MemManage_Handler
                0x08005878        0x8 CMakeFiles/Weak_Signal.dir/Core/Src/stm32f4xx_it.c.obj
                0x08005878                MemManage_Handler
 .text.BusFault_Handler
                0x08005880        0x8 CMakeFiles/Weak_Signal.dir/Core/Src/stm32f4xx_it.c.obj
                0x08005880                BusFault_Handler
 .text.UsageFault_Handler
                0x08005888        0x8 CMakeFiles/Weak_Signal.dir/Core/Src/stm32f4xx_it.c.obj
                0x08005888                UsageFault_Handler
 .text.SVC_Handler
                0x08005890        0xe CMakeFiles/Weak_Signal.dir/Core/Src/stm32f4xx_it.c.obj
                0x08005890                SVC_Handler
 .text.DebugMon_Handler
                0x0800589e        0xe CMakeFiles/Weak_Signal.dir/Core/Src/stm32f4xx_it.c.obj
                0x0800589e                DebugMon_Handler
 .text.PendSV_Handler
                0x080058ac        0xe CMakeFiles/Weak_Signal.dir/Core/Src/stm32f4xx_it.c.obj
                0x080058ac                PendSV_Handler
 .text.SysTick_Handler
                0x080058ba        0xc CMakeFiles/Weak_Signal.dir/Core/Src/stm32f4xx_it.c.obj
                0x080058ba                SysTick_Handler
 .text.EXTI9_5_IRQHandler
                0x080058c6        0xe CMakeFiles/Weak_Signal.dir/Core/Src/stm32f4xx_it.c.obj
                0x080058c6                EXTI9_5_IRQHandler
 .text.TIM6_DAC_IRQHandler
                0x080058d4       0x14 CMakeFiles/Weak_Signal.dir/Core/Src/stm32f4xx_it.c.obj
                0x080058d4                TIM6_DAC_IRQHandler
 .text.HAL_MspInit
                0x080058e8       0x50 CMakeFiles/Weak_Signal.dir/Core/Src/stm32f4xx_hal_msp.c.obj
                0x080058e8                HAL_MspInit
 .text.FSMC_NORSRAM_Init
                0x08005938       0xd4 CMakeFiles/Weak_Signal.dir/Drivers/STM32F4xx_HAL_Driver/Src/stm32f4xx_ll_fsmc.c.obj
                0x08005938                FSMC_NORSRAM_Init
 .text.FSMC_NORSRAM_Timing_Init
                0x08005a0c       0x5c CMakeFiles/Weak_Signal.dir/Drivers/STM32F4xx_HAL_Driver/Src/stm32f4xx_ll_fsmc.c.obj
                0x08005a0c                FSMC_NORSRAM_Timing_Init
 .text.FSMC_NORSRAM_Extended_Timing_Init
                0x08005a68       0x70 CMakeFiles/Weak_Signal.dir/Drivers/STM32F4xx_HAL_Driver/Src/stm32f4xx_ll_fsmc.c.obj
                0x08005a68                FSMC_NORSRAM_Extended_Timing_Init
 .text.HAL_RCC_OscConfig
                0x08005ad8      0x4f0 CMakeFiles/Weak_Signal.dir/Drivers/STM32F4xx_HAL_Driver/Src/stm32f4xx_hal_rcc.c.obj
                0x08005ad8                HAL_RCC_OscConfig
 .text.HAL_RCC_ClockConfig
                0x08005fc8      0x1cc CMakeFiles/Weak_Signal.dir/Drivers/STM32F4xx_HAL_Driver/Src/stm32f4xx_hal_rcc.c.obj
                0x08005fc8                HAL_RCC_ClockConfig
 .text.HAL_RCC_GetSysClockFreq
                0x08006194      0x208 CMakeFiles/Weak_Signal.dir/Drivers/STM32F4xx_HAL_Driver/Src/stm32f4xx_hal_rcc.c.obj
                0x08006194                HAL_RCC_GetSysClockFreq
 .text.HAL_RCC_GetHCLKFreq
                0x0800639c       0x18 CMakeFiles/Weak_Signal.dir/Drivers/STM32F4xx_HAL_Driver/Src/stm32f4xx_hal_rcc.c.obj
                0x0800639c                HAL_RCC_GetHCLKFreq
 .text.HAL_RCC_GetPCLK1Freq
                0x080063b4       0x28 CMakeFiles/Weak_Signal.dir/Drivers/STM32F4xx_HAL_Driver/Src/stm32f4xx_hal_rcc.c.obj
                0x080063b4                HAL_RCC_GetPCLK1Freq
 .text.HAL_RCC_GetPCLK2Freq
                0x080063dc       0x28 CMakeFiles/Weak_Signal.dir/Drivers/STM32F4xx_HAL_Driver/Src/stm32f4xx_hal_rcc.c.obj
                0x080063dc                HAL_RCC_GetPCLK2Freq
 .text.HAL_GPIO_Init
                0x08006404      0x338 CMakeFiles/Weak_Signal.dir/Drivers/STM32F4xx_HAL_Driver/Src/stm32f4xx_hal_gpio.c.obj
                0x08006404                HAL_GPIO_Init
 .text.HAL_GPIO_ReadPin
                0x0800673c       0x30 CMakeFiles/Weak_Signal.dir/Drivers/STM32F4xx_HAL_Driver/Src/stm32f4xx_hal_gpio.c.obj
                0x0800673c                HAL_GPIO_ReadPin
 .text.HAL_GPIO_WritePin
                0x0800676c       0x32 CMakeFiles/Weak_Signal.dir/Drivers/STM32F4xx_HAL_Driver/Src/stm32f4xx_hal_gpio.c.obj
                0x0800676c                HAL_GPIO_WritePin
 .text.HAL_GPIO_TogglePin
                0x0800679e       0x34 CMakeFiles/Weak_Signal.dir/Drivers/STM32F4xx_HAL_Driver/Src/stm32f4xx_hal_gpio.c.obj
                0x0800679e                HAL_GPIO_TogglePin
 *fill*         0x080067d2        0x2 
 .text.HAL_GPIO_EXTI_IRQHandler
                0x080067d4       0x30 CMakeFiles/Weak_Signal.dir/Drivers/STM32F4xx_HAL_Driver/Src/stm32f4xx_hal_gpio.c.obj
                0x080067d4                HAL_GPIO_EXTI_IRQHandler
 .text.HAL_GPIO_EXTI_Callback
                0x08006804       0x16 CMakeFiles/Weak_Signal.dir/Drivers/STM32F4xx_HAL_Driver/Src/stm32f4xx_hal_gpio.c.obj
                0x08006804                HAL_GPIO_EXTI_Callback
 *fill*         0x0800681a        0x2 
 .text.__NVIC_SetPriorityGrouping
                0x0800681c       0x48 CMakeFiles/Weak_Signal.dir/Drivers/STM32F4xx_HAL_Driver/Src/stm32f4xx_hal_cortex.c.obj
 .text.__NVIC_GetPriorityGrouping
                0x08006864       0x1c CMakeFiles/Weak_Signal.dir/Drivers/STM32F4xx_HAL_Driver/Src/stm32f4xx_hal_cortex.c.obj
 .text.__NVIC_EnableIRQ
                0x08006880       0x3c CMakeFiles/Weak_Signal.dir/Drivers/STM32F4xx_HAL_Driver/Src/stm32f4xx_hal_cortex.c.obj
 .text.__NVIC_DisableIRQ
                0x080068bc       0x48 CMakeFiles/Weak_Signal.dir/Drivers/STM32F4xx_HAL_Driver/Src/stm32f4xx_hal_cortex.c.obj
 .text.__NVIC_SetPriority
                0x08006904       0x54 CMakeFiles/Weak_Signal.dir/Drivers/STM32F4xx_HAL_Driver/Src/stm32f4xx_hal_cortex.c.obj
 .text.NVIC_EncodePriority
                0x08006958       0x66 CMakeFiles/Weak_Signal.dir/Drivers/STM32F4xx_HAL_Driver/Src/stm32f4xx_hal_cortex.c.obj
 *fill*         0x080069be        0x2 
 .text.SysTick_Config
                0x080069c0       0x44 CMakeFiles/Weak_Signal.dir/Drivers/STM32F4xx_HAL_Driver/Src/stm32f4xx_hal_cortex.c.obj
 .text.HAL_NVIC_SetPriorityGrouping
                0x08006a04       0x16 CMakeFiles/Weak_Signal.dir/Drivers/STM32F4xx_HAL_Driver/Src/stm32f4xx_hal_cortex.c.obj
                0x08006a04                HAL_NVIC_SetPriorityGrouping
 .text.HAL_NVIC_SetPriority
                0x08006a1a       0x38 CMakeFiles/Weak_Signal.dir/Drivers/STM32F4xx_HAL_Driver/Src/stm32f4xx_hal_cortex.c.obj
                0x08006a1a                HAL_NVIC_SetPriority
 .text.HAL_NVIC_EnableIRQ
                0x08006a52       0x1c CMakeFiles/Weak_Signal.dir/Drivers/STM32F4xx_HAL_Driver/Src/stm32f4xx_hal_cortex.c.obj
                0x08006a52                HAL_NVIC_EnableIRQ
 .text.HAL_NVIC_DisableIRQ
                0x08006a6e       0x1c CMakeFiles/Weak_Signal.dir/Drivers/STM32F4xx_HAL_Driver/Src/stm32f4xx_hal_cortex.c.obj
                0x08006a6e                HAL_NVIC_DisableIRQ
 .text.HAL_SYSTICK_Config
                0x08006a8a       0x18 CMakeFiles/Weak_Signal.dir/Drivers/STM32F4xx_HAL_Driver/Src/stm32f4xx_hal_cortex.c.obj
                0x08006a8a                HAL_SYSTICK_Config
 *fill*         0x08006aa2        0x2 
 .text.HAL_Init
                0x08006aa4       0x44 CMakeFiles/Weak_Signal.dir/Drivers/STM32F4xx_HAL_Driver/Src/stm32f4xx_hal.c.obj
                0x08006aa4                HAL_Init
 .text.HAL_InitTick
                0x08006ae8       0x60 CMakeFiles/Weak_Signal.dir/Drivers/STM32F4xx_HAL_Driver/Src/stm32f4xx_hal.c.obj
                0x08006ae8                HAL_InitTick
 .text.HAL_IncTick
                0x08006b48       0x28 CMakeFiles/Weak_Signal.dir/Drivers/STM32F4xx_HAL_Driver/Src/stm32f4xx_hal.c.obj
                0x08006b48                HAL_IncTick
 .text.HAL_GetTick
                0x08006b70       0x18 CMakeFiles/Weak_Signal.dir/Drivers/STM32F4xx_HAL_Driver/Src/stm32f4xx_hal.c.obj
                0x08006b70                HAL_GetTick
 .text.HAL_Delay
                0x08006b88       0x48 CMakeFiles/Weak_Signal.dir/Drivers/STM32F4xx_HAL_Driver/Src/stm32f4xx_hal.c.obj
                0x08006b88                HAL_Delay
 .text.HAL_SRAM_Init
                0x08006bd0       0x90 CMakeFiles/Weak_Signal.dir/Drivers/STM32F4xx_HAL_Driver/Src/stm32f4xx_hal_sram.c.obj
                0x08006bd0                HAL_SRAM_Init
 .text.HAL_SPI_Init
                0x08006c60      0x112 CMakeFiles/Weak_Signal.dir/Drivers/STM32F4xx_HAL_Driver/Src/stm32f4xx_hal_spi.c.obj
                0x08006c60                HAL_SPI_Init
 .text.HAL_SPI_Transmit
                0x08006d72      0x288 CMakeFiles/Weak_Signal.dir/Drivers/STM32F4xx_HAL_Driver/Src/stm32f4xx_hal_spi.c.obj
                0x08006d72                HAL_SPI_Transmit
 .text.HAL_SPI_Receive
                0x08006ffa      0x232 CMakeFiles/Weak_Signal.dir/Drivers/STM32F4xx_HAL_Driver/Src/stm32f4xx_hal_spi.c.obj
                0x08006ffa                HAL_SPI_Receive
 .text.HAL_SPI_TransmitReceive
                0x0800722c      0x352 CMakeFiles/Weak_Signal.dir/Drivers/STM32F4xx_HAL_Driver/Src/stm32f4xx_hal_spi.c.obj
                0x0800722c                HAL_SPI_TransmitReceive
 *fill*         0x0800757e        0x2 
 .text.SPI_WaitFlagStateUntilTimeout
                0x08007580      0x110 CMakeFiles/Weak_Signal.dir/Drivers/STM32F4xx_HAL_Driver/Src/stm32f4xx_hal_spi.c.obj
 .text.SPI_EndRxTransaction
                0x08007690       0xca CMakeFiles/Weak_Signal.dir/Drivers/STM32F4xx_HAL_Driver/Src/stm32f4xx_hal_spi.c.obj
 *fill*         0x0800775a        0x2 
 .text.SPI_EndRxTxTransaction
                0x0800775c       0xa8 CMakeFiles/Weak_Signal.dir/Drivers/STM32F4xx_HAL_Driver/Src/stm32f4xx_hal_spi.c.obj
 .text.HAL_TIM_Base_Init
                0x08007804       0x9e CMakeFiles/Weak_Signal.dir/Drivers/STM32F4xx_HAL_Driver/Src/stm32f4xx_hal_tim.c.obj
                0x08007804                HAL_TIM_Base_Init
 *fill*         0x080078a2        0x2 
 .text.HAL_TIM_Base_Start
                0x080078a4       0xd0 CMakeFiles/Weak_Signal.dir/Drivers/STM32F4xx_HAL_Driver/Src/stm32f4xx_hal_tim.c.obj
                0x080078a4                HAL_TIM_Base_Start
 .text.HAL_TIM_Base_Stop
                0x08007974       0x4e CMakeFiles/Weak_Signal.dir/Drivers/STM32F4xx_HAL_Driver/Src/stm32f4xx_hal_tim.c.obj
                0x08007974                HAL_TIM_Base_Stop
 *fill*         0x080079c2        0x2 
 .text.HAL_TIM_Base_Start_IT
                0x080079c4       0xe0 CMakeFiles/Weak_Signal.dir/Drivers/STM32F4xx_HAL_Driver/Src/stm32f4xx_hal_tim.c.obj
                0x080079c4                HAL_TIM_Base_Start_IT
 .text.HAL_TIM_IRQHandler
                0x08007aa4      0x1e0 CMakeFiles/Weak_Signal.dir/Drivers/STM32F4xx_HAL_Driver/Src/stm32f4xx_hal_tim.c.obj
                0x08007aa4                HAL_TIM_IRQHandler
 .text.HAL_TIM_OC_DelayElapsedCallback
                0x08007c84       0x14 CMakeFiles/Weak_Signal.dir/Drivers/STM32F4xx_HAL_Driver/Src/stm32f4xx_hal_tim.c.obj
                0x08007c84                HAL_TIM_OC_DelayElapsedCallback
 .text.HAL_TIM_IC_CaptureCallback
                0x08007c98       0x14 CMakeFiles/Weak_Signal.dir/Drivers/STM32F4xx_HAL_Driver/Src/stm32f4xx_hal_tim.c.obj
                0x08007c98                HAL_TIM_IC_CaptureCallback
 .text.HAL_TIM_PWM_PulseFinishedCallback
                0x08007cac       0x14 CMakeFiles/Weak_Signal.dir/Drivers/STM32F4xx_HAL_Driver/Src/stm32f4xx_hal_tim.c.obj
                0x08007cac                HAL_TIM_PWM_PulseFinishedCallback
 .text.HAL_TIM_TriggerCallback
                0x08007cc0       0x14 CMakeFiles/Weak_Signal.dir/Drivers/STM32F4xx_HAL_Driver/Src/stm32f4xx_hal_tim.c.obj
                0x08007cc0                HAL_TIM_TriggerCallback
 .text.TIM_Base_SetConfig
                0x08007cd4      0x14c CMakeFiles/Weak_Signal.dir/Drivers/STM32F4xx_HAL_Driver/Src/stm32f4xx_hal_tim.c.obj
                0x08007cd4                TIM_Base_SetConfig
 .text.HAL_TIMEx_MasterConfigSynchronization
                0x08007e20       0xf8 CMakeFiles/Weak_Signal.dir/Drivers/STM32F4xx_HAL_Driver/Src/stm32f4xx_hal_tim_ex.c.obj
                0x08007e20                HAL_TIMEx_MasterConfigSynchronization
 .text.HAL_TIMEx_CommutCallback
                0x08007f18       0x14 CMakeFiles/Weak_Signal.dir/Drivers/STM32F4xx_HAL_Driver/Src/stm32f4xx_hal_tim_ex.c.obj
                0x08007f18                HAL_TIMEx_CommutCallback
 .text.HAL_TIMEx_BreakCallback
                0x08007f2c       0x14 CMakeFiles/Weak_Signal.dir/Drivers/STM32F4xx_HAL_Driver/Src/stm32f4xx_hal_tim_ex.c.obj
                0x08007f2c                HAL_TIMEx_BreakCallback
 .text.HAL_UART_Init
                0x08007f40       0xa0 CMakeFiles/Weak_Signal.dir/Drivers/STM32F4xx_HAL_Driver/Src/stm32f4xx_hal_uart.c.obj
                0x08007f40                HAL_UART_Init
 .text.UART_SetConfig
                0x08007fe0      0x4e8 CMakeFiles/Weak_Signal.dir/Drivers/STM32F4xx_HAL_Driver/Src/stm32f4xx_hal_uart.c.obj
 .text.SystemInit
                0x080084c8       0x24 CMakeFiles/Weak_Signal.dir/Core/Src/system_stm32f4xx.c.obj
                0x080084c8                SystemInit
 .text._sbrk    0x080084ec       0x6c CMakeFiles/Weak_Signal.dir/Core/Src/sysmem.c.obj
                0x080084ec                _sbrk
 .text._getpid  0x08008558       0x10 CMakeFiles/Weak_Signal.dir/Core/Src/syscalls.c.obj
                0x08008558                _getpid
 .text._kill    0x08008568       0x20 CMakeFiles/Weak_Signal.dir/Core/Src/syscalls.c.obj
                0x08008568                _kill
 .text._exit    0x08008588       0x16 CMakeFiles/Weak_Signal.dir/Core/Src/syscalls.c.obj
                0x08008588                _exit
 .text._read    0x0800859e       0x3a CMakeFiles/Weak_Signal.dir/Core/Src/syscalls.c.obj
                0x0800859e                _read
 .text._close   0x080085d8       0x18 CMakeFiles/Weak_Signal.dir/Core/Src/syscalls.c.obj
                0x080085d8                _close
 .text._fstat   0x080085f0       0x20 CMakeFiles/Weak_Signal.dir/Core/Src/syscalls.c.obj
                0x080085f0                _fstat
 .text._isatty  0x08008610       0x16 CMakeFiles/Weak_Signal.dir/Core/Src/syscalls.c.obj
                0x08008610                _isatty
 .text._lseek   0x08008626       0x1a CMakeFiles/Weak_Signal.dir/Core/Src/syscalls.c.obj
                0x08008626                _lseek
 .text.Reset_Handler
                0x08008640       0x50 CMakeFiles/Weak_Signal.dir/startup_stm32f407xx.s.obj
                0x08008640                Reset_Handler
 .text.Default_Handler
                0x08008690        0x2 CMakeFiles/Weak_Signal.dir/startup_stm32f407xx.s.obj
                0x08008690                RTC_Alarm_IRQHandler
                0x08008690                HASH_RNG_IRQHandler
                0x08008690                EXTI2_IRQHandler
                0x08008690                TIM8_CC_IRQHandler
                0x08008690                TIM1_CC_IRQHandler
                0x08008690                DMA2_Stream5_IRQHandler
                0x08008690                DMA1_Stream5_IRQHandler
                0x08008690                PVD_IRQHandler
                0x08008690                SDIO_IRQHandler
                0x08008690                TAMP_STAMP_IRQHandler
                0x08008690                CAN2_RX1_IRQHandler
                0x08008690                EXTI3_IRQHandler
                0x08008690                TIM8_TRG_COM_TIM14_IRQHandler
                0x08008690                TIM1_UP_TIM10_IRQHandler
                0x08008690                TIM8_UP_TIM13_IRQHandler
                0x08008690                I2C3_ER_IRQHandler
                0x08008690                EXTI0_IRQHandler
                0x08008690                I2C2_EV_IRQHandler
                0x08008690                DMA1_Stream2_IRQHandler
                0x08008690                CAN1_RX0_IRQHandler
                0x08008690                FPU_IRQHandler
                0x08008690                OTG_HS_WKUP_IRQHandler
                0x08008690                CAN2_SCE_IRQHandler
                0x08008690                DMA2_Stream2_IRQHandler
                0x08008690                SPI1_IRQHandler
                0x08008690                TIM1_BRK_TIM9_IRQHandler
                0x08008690                DCMI_IRQHandler
                0x08008690                CAN2_RX0_IRQHandler
                0x08008690                DMA2_Stream3_IRQHandler
                0x08008690                USART6_IRQHandler
                0x08008690                USART3_IRQHandler
                0x08008690                CAN1_RX1_IRQHandler
                0x08008690                UART5_IRQHandler
                0x08008690                DMA2_Stream0_IRQHandler
                0x08008690                TIM4_IRQHandler
                0x08008690                I2C1_EV_IRQHandler
                0x08008690                DMA1_Stream6_IRQHandler
                0x08008690                DMA1_Stream1_IRQHandler
                0x08008690                UART4_IRQHandler
                0x08008690                TIM3_IRQHandler
                0x08008690                RCC_IRQHandler
                0x08008690                TIM8_BRK_TIM12_IRQHandler
                0x08008690                Default_Handler
                0x08008690                EXTI15_10_IRQHandler
                0x08008690                ADC_IRQHandler
                0x08008690                DMA1_Stream7_IRQHandler
                0x08008690                TIM7_IRQHandler
                0x08008690                CAN2_TX_IRQHandler
                0x08008690                TIM5_IRQHandler
                0x08008690                DMA2_Stream7_IRQHandler
                0x08008690                I2C3_EV_IRQHandler
                0x08008690                RTC_WKUP_IRQHandler
                0x08008690                ETH_WKUP_IRQHandler
                0x08008690                SPI2_IRQHandler
                0x08008690                OTG_HS_EP1_IN_IRQHandler
                0x08008690                DMA1_Stream0_IRQHandler
                0x08008690                CAN1_TX_IRQHandler
                0x08008690                EXTI4_IRQHandler
                0x08008690                FSMC_IRQHandler
                0x08008690                ETH_IRQHandler
                0x08008690                OTG_HS_EP1_OUT_IRQHandler
                0x08008690                WWDG_IRQHandler
                0x08008690                TIM2_IRQHandler
                0x08008690                OTG_FS_WKUP_IRQHandler
                0x08008690                TIM1_TRG_COM_TIM11_IRQHandler
                0x08008690                OTG_HS_IRQHandler
                0x08008690                EXTI1_IRQHandler
                0x08008690                USART2_IRQHandler
                0x08008690                I2C2_ER_IRQHandler
                0x08008690                DMA2_Stream1_IRQHandler
                0x08008690                CAN1_SCE_IRQHandler
                0x08008690                FLASH_IRQHandler
                0x08008690                DMA2_Stream4_IRQHandler
                0x08008690                USART1_IRQHandler
                0x08008690                OTG_FS_IRQHandler
                0x08008690                SPI3_IRQHandler
                0x08008690                DMA1_Stream4_IRQHandler
                0x08008690                I2C1_ER_IRQHandler
                0x08008690                DMA2_Stream6_IRQHandler
                0x08008690                DMA1_Stream3_IRQHandler
 *fill*         0x08008692        0x2 
 .text.__udivmoddi4
                0x08008694      0x2f8 D:/ToolChain/arm-gnu-toolchain-14.2.rel1-mingw-w64-i686-arm-none-eabi/bin/../lib/gcc/arm-none-eabi/14.2.1/thumb/v7e-m+fp/hard\libgcc.a(_udivmoddi4.o)
                0x08008694                __udivmoddi4
 .text.printf   0x0800898c       0x24 D:/ToolChain/arm-gnu-toolchain-14.2.rel1-mingw-w64-i686-arm-none-eabi/bin/../lib/gcc/arm-none-eabi/14.2.1/thumb/v7e-m+fp/hard\libg_nano.a(libc_a-printf.o)
                0x0800898c                iprintf
                0x0800898c                printf
 .text._puts_r  0x080089b0       0xaa D:/ToolChain/arm-gnu-toolchain-14.2.rel1-mingw-w64-i686-arm-none-eabi/bin/../lib/gcc/arm-none-eabi/14.2.1/thumb/v7e-m+fp/hard\libg_nano.a(libc_a-puts.o)
                0x080089b0                _puts_r
 *fill*         0x08008a5a        0x2 
 .text.puts     0x08008a5c       0x10 D:/ToolChain/arm-gnu-toolchain-14.2.rel1-mingw-w64-i686-arm-none-eabi/bin/../lib/gcc/arm-none-eabi/14.2.1/thumb/v7e-m+fp/hard\libg_nano.a(libc_a-puts.o)
                0x08008a5c                puts
 .text._vsnprintf_r
                0x08008a6c       0x5c D:/ToolChain/arm-gnu-toolchain-14.2.rel1-mingw-w64-i686-arm-none-eabi/bin/../lib/gcc/arm-none-eabi/14.2.1/thumb/v7e-m+fp/hard\libg_nano.a(libc_a-vsnprintf.o)
                0x08008a6c                _vsniprintf_r
                0x08008a6c                _vsnprintf_r
 .text.vsnprintf
                0x08008ac8       0x1c D:/ToolChain/arm-gnu-toolchain-14.2.rel1-mingw-w64-i686-arm-none-eabi/bin/../lib/gcc/arm-none-eabi/14.2.1/thumb/v7e-m+fp/hard\libg_nano.a(libc_a-vsnprintf.o)
                0x08008ac8                vsniprintf
                0x08008ac8                vsnprintf
 .text.__errno  0x08008ae4        0xc D:/ToolChain/arm-gnu-toolchain-14.2.rel1-mingw-w64-i686-arm-none-eabi/bin/../lib/gcc/arm-none-eabi/14.2.1/thumb/v7e-m+fp/hard\libg_nano.a(libc_a-errno.o)
                0x08008ae4                __errno
 .text.__ssputs_r
                0x08008af0       0xc0 D:/ToolChain/arm-gnu-toolchain-14.2.rel1-mingw-w64-i686-arm-none-eabi/bin/../lib/gcc/arm-none-eabi/14.2.1/thumb/v7e-m+fp/hard\libg_nano.a(libc_a-nano-svfprintf.o)
                0x08008af0                __ssputs_r
 .text._svfprintf_r
                0x08008bb0      0x1f8 D:/ToolChain/arm-gnu-toolchain-14.2.rel1-mingw-w64-i686-arm-none-eabi/bin/../lib/gcc/arm-none-eabi/14.2.1/thumb/v7e-m+fp/hard\libg_nano.a(libc_a-nano-svfprintf.o)
                0x08008bb0                _svfiprintf_r
                0x08008bb0                _svfprintf_r
 *(.glue_7)
 .glue_7        0x08008da8        0x0 linker stubs
 *(.glue_7t)
 .glue_7t       0x08008da8        0x0 linker stubs
 *(.eh_frame)
 .eh_frame      0x08008da8        0x0 D:/ToolChain/arm-gnu-toolchain-14.2.rel1-mingw-w64-i686-arm-none-eabi/bin/../lib/gcc/arm-none-eabi/14.2.1/thumb/v7e-m+fp/hard/crtbegin.o
 *(.init)
 .init          0x08008da8        0x4 D:/ToolChain/arm-gnu-toolchain-14.2.rel1-mingw-w64-i686-arm-none-eabi/bin/../lib/gcc/arm-none-eabi/14.2.1/thumb/v7e-m+fp/hard/crti.o
                0x08008da8                _init
 .init          0x08008dac        0x8 D:/ToolChain/arm-gnu-toolchain-14.2.rel1-mingw-w64-i686-arm-none-eabi/bin/../lib/gcc/arm-none-eabi/14.2.1/thumb/v7e-m+fp/hard/crtn.o
 *(.fini)
 .fini          0x08008db4        0x4 D:/ToolChain/arm-gnu-toolchain-14.2.rel1-mingw-w64-i686-arm-none-eabi/bin/../lib/gcc/arm-none-eabi/14.2.1/thumb/v7e-m+fp/hard/crti.o
                0x08008db4                _fini
 .fini          0x08008db8        0x8 D:/ToolChain/arm-gnu-toolchain-14.2.rel1-mingw-w64-i686-arm-none-eabi/bin/../lib/gcc/arm-none-eabi/14.2.1/thumb/v7e-m+fp/hard/crtn.o
                0x08008dc0                        . = ALIGN (0x4)
                0x08008dc0                        _etext = .

.vfp11_veneer   0x08008dc0        0x0
 .vfp11_veneer  0x08008dc0        0x0 linker stubs

.v4_bx          0x08008dc0        0x0
 .v4_bx         0x08008dc0        0x0 linker stubs

.iplt           0x08008dc0        0x0
 .iplt          0x08008dc0        0x0 D:/ToolChain/arm-gnu-toolchain-14.2.rel1-mingw-w64-i686-arm-none-eabi/bin/../lib/gcc/arm-none-eabi/14.2.1/thumb/v7e-m+fp/hard/crtbegin.o

.rodata         0x08008dc0     0x3498
                0x08008dc0                        . = ALIGN (0x4)
 *(.rodata)
 .rodata        0x08008dc0       0x8e CMakeFiles/Weak_Signal.dir/BSP/Src/ads1256.c.obj
 *fill*         0x08008e4e        0x2 
 .rodata        0x08008e50       0xd2 CMakeFiles/Weak_Signal.dir/Core/Src/main.c.obj
 *(.rodata*)
 .rodata._printf_float.str1.1
                0x08008f22      0x173 D:/ToolChain/arm-gnu-toolchain-14.2.rel1-mingw-w64-i686-arm-none-eabi/bin/../lib/gcc/arm-none-eabi/14.2.1/thumb/v7e-m+fp/hard\libc_nano.a(libc_a-nano-vfprintf_float.o)
                                 0x12 (size before relaxing)
 .rodata._printf_i.str1.1
                0x08009095       0x22 D:/ToolChain/arm-gnu-toolchain-14.2.rel1-mingw-w64-i686-arm-none-eabi/bin/../lib/gcc/arm-none-eabi/14.2.1/thumb/v7e-m+fp/hard\libc_nano.a(libc_a-nano-vfprintf_i.o)
 .rodata._dtoa_r.str1.1
                0x08009095       0x90 D:/ToolChain/arm-gnu-toolchain-14.2.rel1-mingw-w64-i686-arm-none-eabi/bin/../lib/gcc/arm-none-eabi/14.2.1/thumb/v7e-m+fp/hard\libc_nano.a(libc_a-dtoa.o)
 .rodata._Balloc.str1.1
                0x08009095       0x71 D:/ToolChain/arm-gnu-toolchain-14.2.rel1-mingw-w64-i686-arm-none-eabi/bin/../lib/gcc/arm-none-eabi/14.2.1/thumb/v7e-m+fp/hard\libc_nano.a(libc_a-mprec.o)
 .rodata.__multadd.str1.1
                0x08009095       0x11 D:/ToolChain/arm-gnu-toolchain-14.2.rel1-mingw-w64-i686-arm-none-eabi/bin/../lib/gcc/arm-none-eabi/14.2.1/thumb/v7e-m+fp/hard\libc_nano.a(libc_a-mprec.o)
 *fill*         0x08009095        0x3 
 .rodata.p05.0  0x08009098        0xc D:/ToolChain/arm-gnu-toolchain-14.2.rel1-mingw-w64-i686-arm-none-eabi/bin/../lib/gcc/arm-none-eabi/14.2.1/thumb/v7e-m+fp/hard\libc_nano.a(libc_a-mprec.o)
 *fill*         0x080090a4        0x4 
 .rodata.__mprec_bigtens
                0x080090a8       0x28 D:/ToolChain/arm-gnu-toolchain-14.2.rel1-mingw-w64-i686-arm-none-eabi/bin/../lib/gcc/arm-none-eabi/14.2.1/thumb/v7e-m+fp/hard\libc_nano.a(libc_a-mprec.o)
                0x080090a8                __mprec_bigtens
 .rodata.__mprec_tens
                0x080090d0       0xc8 D:/ToolChain/arm-gnu-toolchain-14.2.rel1-mingw-w64-i686-arm-none-eabi/bin/../lib/gcc/arm-none-eabi/14.2.1/thumb/v7e-m+fp/hard\libc_nano.a(libc_a-mprec.o)
                0x080090d0                __mprec_tens
 .rodata._setlocale_r.str1.1
                0x08009198        0x9 D:/ToolChain/arm-gnu-toolchain-14.2.rel1-mingw-w64-i686-arm-none-eabi/bin/../lib/gcc/arm-none-eabi/14.2.1/thumb/v7e-m+fp/hard\libc_nano.a(libc_a-locale.o)
 .rodata.str1.1
                0x08009198        0x2 D:/ToolChain/arm-gnu-toolchain-14.2.rel1-mingw-w64-i686-arm-none-eabi/bin/../lib/gcc/arm-none-eabi/14.2.1/thumb/v7e-m+fp/hard\libc_nano.a(libc_a-locale.o)
 .rodata.__assert_func.str1.1
                0x08009198       0x3d D:/ToolChain/arm-gnu-toolchain-14.2.rel1-mingw-w64-i686-arm-none-eabi/bin/../lib/gcc/arm-none-eabi/14.2.1/thumb/v7e-m+fp/hard\libc_nano.a(libc_a-assert.o)
 .rodata._ctype_
                0x08009198      0x101 D:/ToolChain/arm-gnu-toolchain-14.2.rel1-mingw-w64-i686-arm-none-eabi/bin/../lib/gcc/arm-none-eabi/14.2.1/thumb/v7e-m+fp/hard\libc_nano.a(libc_a-ctype_.o)
                0x08009198                _ctype_
 .rodata._vfprintf_r.str1.1
                0x08009299       0x11 D:/ToolChain/arm-gnu-toolchain-14.2.rel1-mingw-w64-i686-arm-none-eabi/bin/../lib/gcc/arm-none-eabi/14.2.1/thumb/v7e-m+fp/hard\libc_nano.a(libc_a-nano-vfprintf.o)
 *fill*         0x08009299        0x3 
 .rodata.asc2_1206
                0x0800929c      0x474 CMakeFiles/Weak_Signal.dir/BSP/Src/atk_md0350.c.obj
                0x0800929c                asc2_1206
 .rodata.asc2_1608
                0x08009710      0x5f0 CMakeFiles/Weak_Signal.dir/BSP/Src/atk_md0350.c.obj
                0x08009710                asc2_1608
 .rodata.asc2_2412
                0x08009d00      0xd5c CMakeFiles/Weak_Signal.dir/BSP/Src/atk_md0350.c.obj
                0x08009d00                asc2_2412
 .rodata.asc2_3216
                0x0800aa5c     0x17c0 CMakeFiles/Weak_Signal.dir/BSP/Src/atk_md0350.c.obj
                0x0800aa5c                asc2_3216
 .rodata.base_time_div
                0x0800c21c       0x24 CMakeFiles/Weak_Signal.dir/BSP/Src/my_timer.c.obj
 .rodata.AHBPrescTable
                0x0800c240       0x10 CMakeFiles/Weak_Signal.dir/Core/Src/system_stm32f4xx.c.obj
                0x0800c240                AHBPrescTable
 .rodata.APBPrescTable
                0x0800c250        0x8 CMakeFiles/Weak_Signal.dir/Core/Src/system_stm32f4xx.c.obj
                0x0800c250                APBPrescTable
 .rodata._svfprintf_r.str1.1
                0x0800c258       0x11 D:/ToolChain/arm-gnu-toolchain-14.2.rel1-mingw-w64-i686-arm-none-eabi/bin/../lib/gcc/arm-none-eabi/14.2.1/thumb/v7e-m+fp/hard\libg_nano.a(libc_a-nano-svfprintf.o)
                0x0800c26c                        . = ALIGN (0x4)

.ARM.extab
 *(.ARM.extab* .gnu.linkonce.armextab.*)

.ARM            0x0800c258        0x8
                0x0800c258                        __exidx_start = .
 *(.ARM.exidx*)
 .ARM.exidx     0x0800c258        0x8 D:/ToolChain/arm-gnu-toolchain-14.2.rel1-mingw-w64-i686-arm-none-eabi/bin/../lib/gcc/arm-none-eabi/14.2.1/thumb/v7e-m+fp/hard\libc_nano.a(libc_a-memchr.o)
 .ARM.exidx     0x0800c260        0x0 D:/ToolChain/arm-gnu-toolchain-14.2.rel1-mingw-w64-i686-arm-none-eabi/bin/../lib/gcc/arm-none-eabi/14.2.1/thumb/v7e-m+fp/hard\libc_nano.a(libc_a-strlen.o)
                                  0x8 (size before relaxing)
 .ARM.exidx.text.__udivmoddi4
                0x0800c260        0x0 D:/ToolChain/arm-gnu-toolchain-14.2.rel1-mingw-w64-i686-arm-none-eabi/bin/../lib/gcc/arm-none-eabi/14.2.1/thumb/v7e-m+fp/hard\libgcc.a(_udivmoddi4.o)
                                  0x8 (size before relaxing)
                0x0800c260                        __exidx_end = .

.rel.dyn        0x0800c260        0x0
 .rel.iplt      0x0800c260        0x0 D:/ToolChain/arm-gnu-toolchain-14.2.rel1-mingw-w64-i686-arm-none-eabi/bin/../lib/gcc/arm-none-eabi/14.2.1/thumb/v7e-m+fp/hard/crtbegin.o

.preinit_array  0x0800c260        0x0
                0x0800c260                        PROVIDE (__preinit_array_start = .)
 *(.preinit_array*)
                0x0800c260                        PROVIDE (__preinit_array_end = .)

.init_array     0x0800c260        0x4
                0x0800c260                        PROVIDE (__init_array_start = .)
 *(SORT_BY_NAME(.init_array.*))
 *(.init_array*)
 .init_array    0x0800c260        0x4 D:/ToolChain/arm-gnu-toolchain-14.2.rel1-mingw-w64-i686-arm-none-eabi/bin/../lib/gcc/arm-none-eabi/14.2.1/thumb/v7e-m+fp/hard/crtbegin.o
                0x0800c264                        PROVIDE (__init_array_end = .)

.fini_array     0x0800c264        0x4
                [!provide]                        PROVIDE (__fini_array_start = .)
 *(SORT_BY_NAME(.fini_array.*))
 *(.fini_array*)
 .fini_array    0x0800c264        0x4 D:/ToolChain/arm-gnu-toolchain-14.2.rel1-mingw-w64-i686-arm-none-eabi/bin/../lib/gcc/arm-none-eabi/14.2.1/thumb/v7e-m+fp/hard/crtbegin.o
                [!provide]                        PROVIDE (__fini_array_end = .)
                0x0800c268                        _sidata = LOADADDR (.data)

.data           0x20000000      0x208 load address 0x0800c268
                0x20000000                        . = ALIGN (0x4)
                0x20000000                        _sdata = .
 *(.data)
 *(.data*)
 .data.__sglue  0x20000000        0xc D:/ToolChain/arm-gnu-toolchain-14.2.rel1-mingw-w64-i686-arm-none-eabi/bin/../lib/gcc/arm-none-eabi/14.2.1/thumb/v7e-m+fp/hard\libc_nano.a(libc_a-findfp.o)
                0x20000000                __sglue
 .data._impure_ptr
                0x2000000c        0x4 D:/ToolChain/arm-gnu-toolchain-14.2.rel1-mingw-w64-i686-arm-none-eabi/bin/../lib/gcc/arm-none-eabi/14.2.1/thumb/v7e-m+fp/hard\libc_nano.a(libc_a-impure.o)
                0x2000000c                _impure_ptr
 .data._impure_data
                0x20000010       0x4c D:/ToolChain/arm-gnu-toolchain-14.2.rel1-mingw-w64-i686-arm-none-eabi/bin/../lib/gcc/arm-none-eabi/14.2.1/thumb/v7e-m+fp/hard\libc_nano.a(libc_a-impure.o)
                0x20000010                _impure_data
 .data.__global_locale
                0x2000005c      0x16c D:/ToolChain/arm-gnu-toolchain-14.2.rel1-mingw-w64-i686-arm-none-eabi/bin/../lib/gcc/arm-none-eabi/14.2.1/thumb/v7e-m+fp/hard\libc_nano.a(libc_a-locale.o)
                0x2000005c                __global_locale
 .data.ads      0x200001c8       0x1c CMakeFiles/Weak_Signal.dir/BSP/Src/ads1256.c.obj
                0x200001c8                ads
 *fill*         0x200001e4        0x4 
 .data.ADS1256_InitParams
                0x200001e8       0x10 CMakeFiles/Weak_Signal.dir/BSP/Src/ads1256.c.obj
                0x200001e8                ADS1256_InitParams
 .data.AMP_Parameters
                0x200001f8        0x4 CMakeFiles/Weak_Signal.dir/Core/Src/main.c.obj
                0x200001f8                AMP_Parameters
 .data.uwTickPrio
                0x200001fc        0x4 CMakeFiles/Weak_Signal.dir/Drivers/STM32F4xx_HAL_Driver/Src/stm32f4xx_hal.c.obj
                0x200001fc                uwTickPrio
 .data.uwTickFreq
                0x20000200        0x1 CMakeFiles/Weak_Signal.dir/Drivers/STM32F4xx_HAL_Driver/Src/stm32f4xx_hal.c.obj
                0x20000200                uwTickFreq
 *fill*         0x20000201        0x3 
 .data.SystemCoreClock
                0x20000204        0x4 CMakeFiles/Weak_Signal.dir/Core/Src/system_stm32f4xx.c.obj
                0x20000204                SystemCoreClock
                0x20000208                        . = ALIGN (0x4)
                0x20000208                        _edata = .
                0x0800c470                        _siccmram = LOADADDR (.ccmram)

.tm_clone_table
                0x20000208        0x0 load address 0x0800c470
 .tm_clone_table
                0x20000208        0x0 D:/ToolChain/arm-gnu-toolchain-14.2.rel1-mingw-w64-i686-arm-none-eabi/bin/../lib/gcc/arm-none-eabi/14.2.1/thumb/v7e-m+fp/hard/crtbegin.o
 .tm_clone_table
                0x20000208        0x0 D:/ToolChain/arm-gnu-toolchain-14.2.rel1-mingw-w64-i686-arm-none-eabi/bin/../lib/gcc/arm-none-eabi/14.2.1/thumb/v7e-m+fp/hard/crtend.o

.igot.plt       0x20000208        0x0 load address 0x0800c470
 .igot.plt      0x20000208        0x0 D:/ToolChain/arm-gnu-toolchain-14.2.rel1-mingw-w64-i686-arm-none-eabi/bin/../lib/gcc/arm-none-eabi/14.2.1/thumb/v7e-m+fp/hard/crtbegin.o

.ccmram         0x10000000        0x0 load address 0x0800c470
                0x10000000                        . = ALIGN (0x4)
                0x10000000                        _sccmram = .
 *(.ccmram)
 *(.ccmram*)
                0x10000000                        . = ALIGN (0x4)
                0x10000000                        _eccmram = .
                0x10000000                        . = ALIGN (0x4)

.bss            0x20000208      0x324
                0x20000208                        _sbss = .
                0x20000208                        __bss_start__ = _sbss
 *(.bss)
 *(.bss*)
 .bss.completed.1
                0x20000208        0x1 D:/ToolChain/arm-gnu-toolchain-14.2.rel1-mingw-w64-i686-arm-none-eabi/bin/../lib/gcc/arm-none-eabi/14.2.1/thumb/v7e-m+fp/hard/crtbegin.o
 *fill*         0x20000209        0x3 
 .bss.object.0  0x2000020c       0x18 D:/ToolChain/arm-gnu-toolchain-14.2.rel1-mingw-w64-i686-arm-none-eabi/bin/../lib/gcc/arm-none-eabi/14.2.1/thumb/v7e-m+fp/hard/crtbegin.o
 .bss.__sf      0x20000224      0x138 D:/ToolChain/arm-gnu-toolchain-14.2.rel1-mingw-w64-i686-arm-none-eabi/bin/../lib/gcc/arm-none-eabi/14.2.1/thumb/v7e-m+fp/hard\libc_nano.a(libc_a-findfp.o)
                0x20000224                __sf
 .bss.__stdio_exit_handler
                0x2000035c        0x4 D:/ToolChain/arm-gnu-toolchain-14.2.rel1-mingw-w64-i686-arm-none-eabi/bin/../lib/gcc/arm-none-eabi/14.2.1/thumb/v7e-m+fp/hard\libc_nano.a(libc_a-findfp.o)
                0x2000035c                __stdio_exit_handler
 .bss.errno     0x20000360        0x4 D:/ToolChain/arm-gnu-toolchain-14.2.rel1-mingw-w64-i686-arm-none-eabi/bin/../lib/gcc/arm-none-eabi/14.2.1/thumb/v7e-m+fp/hard\libc_nano.a(libc_a-reent.o)
                0x20000360                errno
 .bss.__lock___malloc_recursive_mutex
                0x20000364        0x1 D:/ToolChain/arm-gnu-toolchain-14.2.rel1-mingw-w64-i686-arm-none-eabi/bin/../lib/gcc/arm-none-eabi/14.2.1/thumb/v7e-m+fp/hard\libc_nano.a(libc_a-lock.o)
                0x20000364                __lock___malloc_recursive_mutex
 .bss.__lock___sfp_recursive_mutex
                0x20000365        0x1 D:/ToolChain/arm-gnu-toolchain-14.2.rel1-mingw-w64-i686-arm-none-eabi/bin/../lib/gcc/arm-none-eabi/14.2.1/thumb/v7e-m+fp/hard\libc_nano.a(libc_a-lock.o)
                0x20000365                __lock___sfp_recursive_mutex
 *fill*         0x20000366        0x2 
 .bss.__malloc_sbrk_start
                0x20000368        0x4 D:/ToolChain/arm-gnu-toolchain-14.2.rel1-mingw-w64-i686-arm-none-eabi/bin/../lib/gcc/arm-none-eabi/14.2.1/thumb/v7e-m+fp/hard\libc_nano.a(libc_a-mallocr.o)
                0x20000368                __malloc_sbrk_start
 .bss.__malloc_free_list
                0x2000036c        0x4 D:/ToolChain/arm-gnu-toolchain-14.2.rel1-mingw-w64-i686-arm-none-eabi/bin/../lib/gcc/arm-none-eabi/14.2.1/thumb/v7e-m+fp/hard\libc_nano.a(libc_a-mallocr.o)
                0x2000036c                __malloc_free_list
 .bss.AMP_LPF_Mode_Sign
                0x20000370        0x1 CMakeFiles/Weak_Signal.dir/BSP/Src/amp.c.obj
                0x20000370                AMP_LPF_Mode_Sign
 .bss.AMP2_Times_Sign
                0x20000371        0x1 CMakeFiles/Weak_Signal.dir/BSP/Src/amp.c.obj
                0x20000371                AMP2_Times_Sign
 .bss.DG408_IN_Channel_Sign
                0x20000372        0x1 CMakeFiles/Weak_Signal.dir/BSP/Src/amp.c.obj
                0x20000372                DG408_IN_Channel_Sign
 *fill*         0x20000373        0x5 
 .bss.ADS1256_DATA
                0x20000378       0x10 CMakeFiles/Weak_Signal.dir/BSP/Src/ads1256.c.obj
                0x20000378                ADS1256_DATA
 .bss.lcddev    0x20000388        0xe CMakeFiles/Weak_Signal.dir/BSP/Src/atk_md0350.c.obj
                0x20000388                lcddev
 .bss.base_time_flag
                0x20000396        0x2 CMakeFiles/Weak_Signal.dir/BSP/Src/my_timer.c.obj
 .bss.base_counter
                0x20000398        0x4 CMakeFiles/Weak_Signal.dir/BSP/Src/my_timer.c.obj
 .bss.base_index
                0x2000039c        0x1 CMakeFiles/Weak_Signal.dir/BSP/Src/my_timer.c.obj
 .bss.Global_Key_Val
                0x2000039d        0x1 CMakeFiles/Weak_Signal.dir/BSP/Src/pannelkey.c.obj
                0x2000039d                Global_Key_Val
 .bss.state.0   0x2000039e        0x1 CMakeFiles/Weak_Signal.dir/BSP/Src/pannelkey.c.obj
 *fill*         0x2000039f        0x1 
 .bss.hsram1    0x200003a0       0x50 CMakeFiles/Weak_Signal.dir/Core/Src/fsmc.c.obj
                0x200003a0                hsram1
 .bss.FSMC_Initialized
                0x200003f0        0x4 CMakeFiles/Weak_Signal.dir/Core/Src/fsmc.c.obj
 .bss.hspi1     0x200003f4       0x58 CMakeFiles/Weak_Signal.dir/Core/Src/spi.c.obj
                0x200003f4                hspi1
 .bss.htim6     0x2000044c       0x48 CMakeFiles/Weak_Signal.dir/Core/Src/tim.c.obj
                0x2000044c                htim6
 .bss.htim7     0x20000494       0x48 CMakeFiles/Weak_Signal.dir/Core/Src/tim.c.obj
                0x20000494                htim7
 .bss.huart1    0x200004dc       0x48 CMakeFiles/Weak_Signal.dir/Core/Src/usart.c.obj
                0x200004dc                huart1
 .bss.uwTick    0x20000524        0x4 CMakeFiles/Weak_Signal.dir/Drivers/STM32F4xx_HAL_Driver/Src/stm32f4xx_hal.c.obj
                0x20000524                uwTick
 .bss.__sbrk_heap_end
                0x20000528        0x4 CMakeFiles/Weak_Signal.dir/Core/Src/sysmem.c.obj
 *(COMMON)
                0x2000052c                        . = ALIGN (0x4)
                0x2000052c                        _ebss = .
                0x2000052c                        __bss_end__ = _ebss

._user_heap_stack
                0x2000052c      0x604
                0x20000530                        . = ALIGN (0x8)
 *fill*         0x2000052c        0x4 
                [!provide]                        PROVIDE (end = .)
                0x20000530                        PROVIDE (_end = .)
                0x20000730                        . = (. + _Min_Heap_Size)
 *fill*         0x20000530      0x200 
                0x20000b30                        . = (. + _Min_Stack_Size)
 *fill*         0x20000730      0x400 
                0x20000b30                        . = ALIGN (0x8)

/DISCARD/
 libc.a(*)
 libm.a(*)
 libgcc.a(*)

.ARM.attributes
                0x00000000       0x30
 *(.ARM.attributes)
 .ARM.attributes
                0x00000000       0x22 D:/ToolChain/arm-gnu-toolchain-14.2.rel1-mingw-w64-i686-arm-none-eabi/bin/../lib/gcc/arm-none-eabi/14.2.1/thumb/v7e-m+fp/hard/crti.o
 .ARM.attributes
                0x00000022       0x34 D:/ToolChain/arm-gnu-toolchain-14.2.rel1-mingw-w64-i686-arm-none-eabi/bin/../lib/gcc/arm-none-eabi/14.2.1/thumb/v7e-m+fp/hard/crtbegin.o
 .ARM.attributes
                0x00000056       0x34 D:/ToolChain/arm-gnu-toolchain-14.2.rel1-mingw-w64-i686-arm-none-eabi/bin/../lib/gcc/arm-none-eabi/14.2.1/thumb/v7e-m+fp/hard\libc_nano.a(libc_a-nano-vfprintf_float.o)
 .ARM.attributes
                0x0000008a       0x34 D:/ToolChain/arm-gnu-toolchain-14.2.rel1-mingw-w64-i686-arm-none-eabi/bin/../lib/gcc/arm-none-eabi/14.2.1/thumb/v7e-m+fp/hard\libc_nano.a(libc_a-nano-vfprintf_i.o)
 .ARM.attributes
                0x000000be       0x34 D:/ToolChain/arm-gnu-toolchain-14.2.rel1-mingw-w64-i686-arm-none-eabi/bin/../lib/gcc/arm-none-eabi/14.2.1/thumb/v7e-m+fp/hard\libc_nano.a(libc_a-findfp.o)
 .ARM.attributes
                0x000000f2       0x34 D:/ToolChain/arm-gnu-toolchain-14.2.rel1-mingw-w64-i686-arm-none-eabi/bin/../lib/gcc/arm-none-eabi/14.2.1/thumb/v7e-m+fp/hard\libc_nano.a(libc_a-fwalk.o)
 .ARM.attributes
                0x00000126       0x34 D:/ToolChain/arm-gnu-toolchain-14.2.rel1-mingw-w64-i686-arm-none-eabi/bin/../lib/gcc/arm-none-eabi/14.2.1/thumb/v7e-m+fp/hard\libc_nano.a(libc_a-stdio.o)
 .ARM.attributes
                0x0000015a       0x34 D:/ToolChain/arm-gnu-toolchain-14.2.rel1-mingw-w64-i686-arm-none-eabi/bin/../lib/gcc/arm-none-eabi/14.2.1/thumb/v7e-m+fp/hard\libc_nano.a(libc_a-memset.o)
 .ARM.attributes
                0x0000018e       0x34 D:/ToolChain/arm-gnu-toolchain-14.2.rel1-mingw-w64-i686-arm-none-eabi/bin/../lib/gcc/arm-none-eabi/14.2.1/thumb/v7e-m+fp/hard\libc_nano.a(libc_a-localeconv.o)
 .ARM.attributes
                0x000001c2       0x34 D:/ToolChain/arm-gnu-toolchain-14.2.rel1-mingw-w64-i686-arm-none-eabi/bin/../lib/gcc/arm-none-eabi/14.2.1/thumb/v7e-m+fp/hard\libc_nano.a(libc_a-closer.o)
 .ARM.attributes
                0x000001f6       0x34 D:/ToolChain/arm-gnu-toolchain-14.2.rel1-mingw-w64-i686-arm-none-eabi/bin/../lib/gcc/arm-none-eabi/14.2.1/thumb/v7e-m+fp/hard\libc_nano.a(libc_a-reent.o)
 .ARM.attributes
                0x0000022a       0x34 D:/ToolChain/arm-gnu-toolchain-14.2.rel1-mingw-w64-i686-arm-none-eabi/bin/../lib/gcc/arm-none-eabi/14.2.1/thumb/v7e-m+fp/hard\libc_nano.a(libc_a-impure.o)
 .ARM.attributes
                0x0000025e       0x34 D:/ToolChain/arm-gnu-toolchain-14.2.rel1-mingw-w64-i686-arm-none-eabi/bin/../lib/gcc/arm-none-eabi/14.2.1/thumb/v7e-m+fp/hard\libc_nano.a(libc_a-lseekr.o)
 .ARM.attributes
                0x00000292       0x34 D:/ToolChain/arm-gnu-toolchain-14.2.rel1-mingw-w64-i686-arm-none-eabi/bin/../lib/gcc/arm-none-eabi/14.2.1/thumb/v7e-m+fp/hard\libc_nano.a(libc_a-readr.o)
 .ARM.attributes
                0x000002c6       0x34 D:/ToolChain/arm-gnu-toolchain-14.2.rel1-mingw-w64-i686-arm-none-eabi/bin/../lib/gcc/arm-none-eabi/14.2.1/thumb/v7e-m+fp/hard\libc_nano.a(libc_a-writer.o)
 .ARM.attributes
                0x000002fa       0x34 D:/ToolChain/arm-gnu-toolchain-14.2.rel1-mingw-w64-i686-arm-none-eabi/bin/../lib/gcc/arm-none-eabi/14.2.1/thumb/v7e-m+fp/hard\libc_nano.a(libc_a-init.o)
 .ARM.attributes
                0x0000032e       0x34 D:/ToolChain/arm-gnu-toolchain-14.2.rel1-mingw-w64-i686-arm-none-eabi/bin/../lib/gcc/arm-none-eabi/14.2.1/thumb/v7e-m+fp/hard\libc_nano.a(libc_a-lock.o)
 .ARM.attributes
                0x00000362       0x1c D:/ToolChain/arm-gnu-toolchain-14.2.rel1-mingw-w64-i686-arm-none-eabi/bin/../lib/gcc/arm-none-eabi/14.2.1/thumb/v7e-m+fp/hard\libc_nano.a(libc_a-memchr.o)
 .ARM.attributes
                0x0000037e       0x17 D:/ToolChain/arm-gnu-toolchain-14.2.rel1-mingw-w64-i686-arm-none-eabi/bin/../lib/gcc/arm-none-eabi/14.2.1/thumb/v7e-m+fp/hard\libc_nano.a(libc_a-strlen.o)
 .ARM.attributes
                0x00000395       0x34 D:/ToolChain/arm-gnu-toolchain-14.2.rel1-mingw-w64-i686-arm-none-eabi/bin/../lib/gcc/arm-none-eabi/14.2.1/thumb/v7e-m+fp/hard\libc_nano.a(libc_a-dtoa.o)
 .ARM.attributes
                0x000003c9       0x34 D:/ToolChain/arm-gnu-toolchain-14.2.rel1-mingw-w64-i686-arm-none-eabi/bin/../lib/gcc/arm-none-eabi/14.2.1/thumb/v7e-m+fp/hard\libc_nano.a(libc_a-freer.o)
 .ARM.attributes
                0x000003fd       0x34 D:/ToolChain/arm-gnu-toolchain-14.2.rel1-mingw-w64-i686-arm-none-eabi/bin/../lib/gcc/arm-none-eabi/14.2.1/thumb/v7e-m+fp/hard\libc_nano.a(libc_a-malloc.o)
 .ARM.attributes
                0x00000431       0x34 D:/ToolChain/arm-gnu-toolchain-14.2.rel1-mingw-w64-i686-arm-none-eabi/bin/../lib/gcc/arm-none-eabi/14.2.1/thumb/v7e-m+fp/hard\libc_nano.a(libc_a-mallocr.o)
 .ARM.attributes
                0x00000465       0x34 D:/ToolChain/arm-gnu-toolchain-14.2.rel1-mingw-w64-i686-arm-none-eabi/bin/../lib/gcc/arm-none-eabi/14.2.1/thumb/v7e-m+fp/hard\libc_nano.a(libc_a-mlock.o)
 .ARM.attributes
                0x00000499       0x34 D:/ToolChain/arm-gnu-toolchain-14.2.rel1-mingw-w64-i686-arm-none-eabi/bin/../lib/gcc/arm-none-eabi/14.2.1/thumb/v7e-m+fp/hard\libc_nano.a(libc_a-mprec.o)
 .ARM.attributes
                0x000004cd       0x34 D:/ToolChain/arm-gnu-toolchain-14.2.rel1-mingw-w64-i686-arm-none-eabi/bin/../lib/gcc/arm-none-eabi/14.2.1/thumb/v7e-m+fp/hard\libc_nano.a(libc_a-fflush.o)
 .ARM.attributes
                0x00000501       0x34 D:/ToolChain/arm-gnu-toolchain-14.2.rel1-mingw-w64-i686-arm-none-eabi/bin/../lib/gcc/arm-none-eabi/14.2.1/thumb/v7e-m+fp/hard\libc_nano.a(libc_a-locale.o)
 .ARM.attributes
                0x00000535       0x34 D:/ToolChain/arm-gnu-toolchain-14.2.rel1-mingw-w64-i686-arm-none-eabi/bin/../lib/gcc/arm-none-eabi/14.2.1/thumb/v7e-m+fp/hard\libc_nano.a(libc_a-sbrkr.o)
 .ARM.attributes
                0x00000569       0x34 D:/ToolChain/arm-gnu-toolchain-14.2.rel1-mingw-w64-i686-arm-none-eabi/bin/../lib/gcc/arm-none-eabi/14.2.1/thumb/v7e-m+fp/hard\libc_nano.a(libc_a-memcpy-stub.o)
 .ARM.attributes
                0x0000059d       0x34 D:/ToolChain/arm-gnu-toolchain-14.2.rel1-mingw-w64-i686-arm-none-eabi/bin/../lib/gcc/arm-none-eabi/14.2.1/thumb/v7e-m+fp/hard\libc_nano.a(libc_a-assert.o)
 .ARM.attributes
                0x000005d1       0x34 D:/ToolChain/arm-gnu-toolchain-14.2.rel1-mingw-w64-i686-arm-none-eabi/bin/../lib/gcc/arm-none-eabi/14.2.1/thumb/v7e-m+fp/hard\libc_nano.a(libc_a-callocr.o)
 .ARM.attributes
                0x00000605       0x34 D:/ToolChain/arm-gnu-toolchain-14.2.rel1-mingw-w64-i686-arm-none-eabi/bin/../lib/gcc/arm-none-eabi/14.2.1/thumb/v7e-m+fp/hard\libc_nano.a(libc_a-mbtowc_r.o)
 .ARM.attributes
                0x00000639       0x34 D:/ToolChain/arm-gnu-toolchain-14.2.rel1-mingw-w64-i686-arm-none-eabi/bin/../lib/gcc/arm-none-eabi/14.2.1/thumb/v7e-m+fp/hard\libc_nano.a(libc_a-wctomb_r.o)
 .ARM.attributes
                0x0000066d       0x34 D:/ToolChain/arm-gnu-toolchain-14.2.rel1-mingw-w64-i686-arm-none-eabi/bin/../lib/gcc/arm-none-eabi/14.2.1/thumb/v7e-m+fp/hard\libc_nano.a(libc_a-ctype_.o)
 .ARM.attributes
                0x000006a1       0x34 D:/ToolChain/arm-gnu-toolchain-14.2.rel1-mingw-w64-i686-arm-none-eabi/bin/../lib/gcc/arm-none-eabi/14.2.1/thumb/v7e-m+fp/hard\libc_nano.a(libc_a-fprintf.o)
 .ARM.attributes
                0x000006d5       0x34 D:/ToolChain/arm-gnu-toolchain-14.2.rel1-mingw-w64-i686-arm-none-eabi/bin/../lib/gcc/arm-none-eabi/14.2.1/thumb/v7e-m+fp/hard\libc_nano.a(libc_a-abort.o)
 .ARM.attributes
                0x00000709       0x34 D:/ToolChain/arm-gnu-toolchain-14.2.rel1-mingw-w64-i686-arm-none-eabi/bin/../lib/gcc/arm-none-eabi/14.2.1/thumb/v7e-m+fp/hard\libc_nano.a(libc_a-nano-vfprintf.o)
 .ARM.attributes
                0x0000073d       0x34 D:/ToolChain/arm-gnu-toolchain-14.2.rel1-mingw-w64-i686-arm-none-eabi/bin/../lib/gcc/arm-none-eabi/14.2.1/thumb/v7e-m+fp/hard\libc_nano.a(libc_a-wbuf.o)
 .ARM.attributes
                0x00000771       0x34 D:/ToolChain/arm-gnu-toolchain-14.2.rel1-mingw-w64-i686-arm-none-eabi/bin/../lib/gcc/arm-none-eabi/14.2.1/thumb/v7e-m+fp/hard\libc_nano.a(libc_a-wsetup.o)
 .ARM.attributes
                0x000007a5       0x34 D:/ToolChain/arm-gnu-toolchain-14.2.rel1-mingw-w64-i686-arm-none-eabi/bin/../lib/gcc/arm-none-eabi/14.2.1/thumb/v7e-m+fp/hard\libc_nano.a(libc_a-memmove.o)
 .ARM.attributes
                0x000007d9       0x34 D:/ToolChain/arm-gnu-toolchain-14.2.rel1-mingw-w64-i686-arm-none-eabi/bin/../lib/gcc/arm-none-eabi/14.2.1/thumb/v7e-m+fp/hard\libc_nano.a(libc_a-signal.o)
 .ARM.attributes
                0x0000080d       0x34 D:/ToolChain/arm-gnu-toolchain-14.2.rel1-mingw-w64-i686-arm-none-eabi/bin/../lib/gcc/arm-none-eabi/14.2.1/thumb/v7e-m+fp/hard\libc_nano.a(libc_a-signalr.o)
 .ARM.attributes
                0x00000841       0x34 D:/ToolChain/arm-gnu-toolchain-14.2.rel1-mingw-w64-i686-arm-none-eabi/bin/../lib/gcc/arm-none-eabi/14.2.1/thumb/v7e-m+fp/hard\libc_nano.a(libc_a-reallocr.o)
 .ARM.attributes
                0x00000875       0x34 D:/ToolChain/arm-gnu-toolchain-14.2.rel1-mingw-w64-i686-arm-none-eabi/bin/../lib/gcc/arm-none-eabi/14.2.1/thumb/v7e-m+fp/hard\libc_nano.a(libc_a-makebuf.o)
 .ARM.attributes
                0x000008a9       0x34 D:/ToolChain/arm-gnu-toolchain-14.2.rel1-mingw-w64-i686-arm-none-eabi/bin/../lib/gcc/arm-none-eabi/14.2.1/thumb/v7e-m+fp/hard\libc_nano.a(libc_a-fstatr.o)
 .ARM.attributes
                0x000008dd       0x34 D:/ToolChain/arm-gnu-toolchain-14.2.rel1-mingw-w64-i686-arm-none-eabi/bin/../lib/gcc/arm-none-eabi/14.2.1/thumb/v7e-m+fp/hard\libc_nano.a(libc_a-isattyr.o)
 .ARM.attributes
                0x00000911       0x34 D:/ToolChain/arm-gnu-toolchain-14.2.rel1-mingw-w64-i686-arm-none-eabi/bin/../lib/gcc/arm-none-eabi/14.2.1/thumb/v7e-m+fp/hard\libc_nano.a(libc_a-msizer.o)
 .ARM.attributes
                0x00000945       0x34 CMakeFiles/Weak_Signal.dir/BSP/Src/amp.c.obj
 .ARM.attributes
                0x00000979       0x34 CMakeFiles/Weak_Signal.dir/BSP/Src/retarget_uart.c.obj
 .ARM.attributes
                0x000009ad       0x34 CMakeFiles/Weak_Signal.dir/BSP/Src/ads1256.c.obj
 .ARM.attributes
                0x000009e1       0x34 CMakeFiles/Weak_Signal.dir/BSP/Src/delay.c.obj
 .ARM.attributes
                0x00000a15       0x34 CMakeFiles/Weak_Signal.dir/BSP/Src/atk_md0350.c.obj
 .ARM.attributes
                0x00000a49       0x34 CMakeFiles/Weak_Signal.dir/BSP/Src/my_timer.c.obj
 .ARM.attributes
                0x00000a7d       0x34 CMakeFiles/Weak_Signal.dir/BSP/Src/pannelkey.c.obj
 .ARM.attributes
                0x00000ab1       0x34 CMakeFiles/Weak_Signal.dir/Core/Src/main.c.obj
 .ARM.attributes
                0x00000ae5       0x34 CMakeFiles/Weak_Signal.dir/Core/Src/gpio.c.obj
 .ARM.attributes
                0x00000b19       0x34 CMakeFiles/Weak_Signal.dir/Core/Src/fsmc.c.obj
 .ARM.attributes
                0x00000b4d       0x34 CMakeFiles/Weak_Signal.dir/Core/Src/spi.c.obj
 .ARM.attributes
                0x00000b81       0x34 CMakeFiles/Weak_Signal.dir/Core/Src/tim.c.obj
 .ARM.attributes
                0x00000bb5       0x34 CMakeFiles/Weak_Signal.dir/Core/Src/usart.c.obj
 .ARM.attributes
                0x00000be9       0x34 CMakeFiles/Weak_Signal.dir/Core/Src/stm32f4xx_it.c.obj
 .ARM.attributes
                0x00000c1d       0x34 CMakeFiles/Weak_Signal.dir/Core/Src/stm32f4xx_hal_msp.c.obj
 .ARM.attributes
                0x00000c51       0x34 CMakeFiles/Weak_Signal.dir/Drivers/STM32F4xx_HAL_Driver/Src/stm32f4xx_ll_fsmc.c.obj
 .ARM.attributes
                0x00000c85       0x34 CMakeFiles/Weak_Signal.dir/Drivers/STM32F4xx_HAL_Driver/Src/stm32f4xx_hal_rcc.c.obj
 .ARM.attributes
                0x00000cb9       0x34 CMakeFiles/Weak_Signal.dir/Drivers/STM32F4xx_HAL_Driver/Src/stm32f4xx_hal_gpio.c.obj
 .ARM.attributes
                0x00000ced       0x34 CMakeFiles/Weak_Signal.dir/Drivers/STM32F4xx_HAL_Driver/Src/stm32f4xx_hal_cortex.c.obj
 .ARM.attributes
                0x00000d21       0x34 CMakeFiles/Weak_Signal.dir/Drivers/STM32F4xx_HAL_Driver/Src/stm32f4xx_hal.c.obj
 .ARM.attributes
                0x00000d55       0x34 CMakeFiles/Weak_Signal.dir/Drivers/STM32F4xx_HAL_Driver/Src/stm32f4xx_hal_sram.c.obj
 .ARM.attributes
                0x00000d89       0x34 CMakeFiles/Weak_Signal.dir/Drivers/STM32F4xx_HAL_Driver/Src/stm32f4xx_hal_spi.c.obj
 .ARM.attributes
                0x00000dbd       0x34 CMakeFiles/Weak_Signal.dir/Drivers/STM32F4xx_HAL_Driver/Src/stm32f4xx_hal_tim.c.obj
 .ARM.attributes
                0x00000df1       0x34 CMakeFiles/Weak_Signal.dir/Drivers/STM32F4xx_HAL_Driver/Src/stm32f4xx_hal_tim_ex.c.obj
 .ARM.attributes
                0x00000e25       0x34 CMakeFiles/Weak_Signal.dir/Drivers/STM32F4xx_HAL_Driver/Src/stm32f4xx_hal_uart.c.obj
 .ARM.attributes
                0x00000e59       0x34 CMakeFiles/Weak_Signal.dir/Core/Src/system_stm32f4xx.c.obj
 .ARM.attributes
                0x00000e8d       0x34 CMakeFiles/Weak_Signal.dir/Core/Src/sysmem.c.obj
 .ARM.attributes
                0x00000ec1       0x34 CMakeFiles/Weak_Signal.dir/Core/Src/syscalls.c.obj
 .ARM.attributes
                0x00000ef5       0x21 CMakeFiles/Weak_Signal.dir/startup_stm32f407xx.s.obj
 .ARM.attributes
                0x00000f16       0x22 D:/ToolChain/arm-gnu-toolchain-14.2.rel1-mingw-w64-i686-arm-none-eabi/bin/../lib/gcc/arm-none-eabi/14.2.1/thumb/v7e-m+fp/hard\libgcc.a(_arm_addsubdf3.o)
 .ARM.attributes
                0x00000f38       0x22 D:/ToolChain/arm-gnu-toolchain-14.2.rel1-mingw-w64-i686-arm-none-eabi/bin/../lib/gcc/arm-none-eabi/14.2.1/thumb/v7e-m+fp/hard\libgcc.a(_arm_muldivdf3.o)
 .ARM.attributes
                0x00000f5a       0x22 D:/ToolChain/arm-gnu-toolchain-14.2.rel1-mingw-w64-i686-arm-none-eabi/bin/../lib/gcc/arm-none-eabi/14.2.1/thumb/v7e-m+fp/hard\libgcc.a(_arm_cmpdf2.o)
 .ARM.attributes
                0x00000f7c       0x22 D:/ToolChain/arm-gnu-toolchain-14.2.rel1-mingw-w64-i686-arm-none-eabi/bin/../lib/gcc/arm-none-eabi/14.2.1/thumb/v7e-m+fp/hard\libgcc.a(_arm_unorddf2.o)
 .ARM.attributes